[2025-09-20T10:06:48.298+0000][7][gc,init] CardTable entry size: 512
[2025-09-20T10:06:48.298+0000][7][gc     ] Using G1
[2025-09-20T10:06:48.382+0000][7][gc,init] Version: 22.0.2+9-70 (release)
[2025-09-20T10:06:48.382+0000][7][gc,init] CPUs: 8 total, 8 available
[2025-09-20T10:06:48.382+0000][7][gc,init] Memory: 15822M
[2025-09-20T10:06:48.382+0000][7][gc,init] Large Page Support: Disabled
[2025-09-20T10:06:48.382+0000][7][gc,init] NUMA Support: Disabled
[2025-09-20T10:06:48.382+0000][7][gc,init] Compressed Oops: Enabled (32-bit)
[2025-09-20T10:06:48.382+0000][7][gc,init] Heap Region Size: 4M
[2025-09-20T10:06:48.382+0000][7][gc,init] Heap Min Capacity: 1G
[2025-09-20T10:06:48.382+0000][7][gc,init] Heap Initial Capacity: 1G
[2025-09-20T10:06:48.382+0000][7][gc,init] Heap Max Capacity: 1G
[2025-09-20T10:06:48.382+0000][7][gc,init] Pre-touch: Enabled
[2025-09-20T10:06:48.382+0000][7][gc,init] Parallel Workers: 8
[2025-09-20T10:06:48.382+0000][7][gc,init] Concurrent Workers: 2
[2025-09-20T10:06:48.382+0000][7][gc,init] Concurrent Refinement Workers: 8
[2025-09-20T10:06:48.382+0000][7][gc,init] Periodic GC: Disabled
[2025-09-20T10:06:48.388+0000][7][gc,metaspace] CDS archive(s) mapped at: [0x00007f2e8e000000-0x00007f2e8ec78000-0x00007f2e8ec78000), size 13074432, SharedBaseAddress: 0x00007f2e8e000000, ArchiveRelocationMode: 1.
[2025-09-20T10:06:48.388+0000][7][gc,metaspace] Compressed class space mapped at: 0x00007f2e8f000000-0x00007f2ecf000000, reserved size: 1073741824
[2025-09-20T10:06:48.388+0000][7][gc,metaspace] Narrow klass base: 0x00007f2e8e000000, Narrow klass shift: 0, Narrow klass range: 0x100000000
[2025-09-20T10:06:48.764+0000][7][safepoint   ] Safepoint "ICBufferFull", Time since last: 373419794 ns, Reaching safepoint: 3403 ns, Cleanup: 77954 ns, At safepoint: 5224 ns, Total: 86581 ns
[2025-09-20T10:06:49.146+0000][7][safepoint   ] Safepoint "ICBufferFull", Time since last: 381502147 ns, Reaching safepoint: 67209 ns, Cleanup: 65220 ns, At safepoint: 4137 ns, Total: 136566 ns
[2025-09-20T10:06:49.263+0000][7][gc,start    ] GC(0) Pause Young (Normal) (G1 Evacuation Pause)
[2025-09-20T10:06:49.263+0000][7][gc,task     ] GC(0) Using 8 workers of 8 for evacuation
[2025-09-20T10:06:49.263+0000][7][gc,age      ] GC(0) Desired survivor size 4194304 bytes, new threshold 15 (max threshold 15)
[2025-09-20T10:06:49.267+0000][7][gc,phases   ] GC(0)   Pre Evacuate Collection Set: 0.10ms
[2025-09-20T10:06:49.267+0000][7][gc,phases   ] GC(0)   Merge Heap Roots: 0.03ms
[2025-09-20T10:06:49.267+0000][7][gc,phases   ] GC(0)   Evacuate Collection Set: 3.25ms
[2025-09-20T10:06:49.267+0000][7][gc,phases   ] GC(0)   Post Evacuate Collection Set: 0.36ms
[2025-09-20T10:06:49.267+0000][7][gc,phases   ] GC(0)   Other: 0.05ms
[2025-09-20T10:06:49.267+0000][7][gc,age      ] GC(0) Age table with threshold 15 (max threshold 15)
[2025-09-20T10:06:49.267+0000][7][gc,age      ] GC(0) - age   1:    6429880 bytes,    6429880 total
[2025-09-20T10:06:49.267+0000][7][gc,heap     ] GC(0) Eden regions: 12->0(11)
[2025-09-20T10:06:49.267+0000][7][gc,heap     ] GC(0) Survivor regions: 0->2(2)
[2025-09-20T10:06:49.267+0000][7][gc,heap     ] GC(0) Old regions: 1->1
[2025-09-20T10:06:49.267+0000][7][gc,heap     ] GC(0) Humongous regions: 0->0
[2025-09-20T10:06:49.267+0000][7][gc,metaspace] GC(0) Metaspace: 12553K(12864K)->12553K(12864K) NonClass: 11028K(11200K)->11028K(11200K) Class: 1525K(1664K)->1525K(1664K)
[2025-09-20T10:06:49.267+0000][7][gc          ] GC(0) Pause Young (Normal) (G1 Evacuation Pause) 49M->7M(1024M) 3.940ms
[2025-09-20T10:06:49.267+0000][7][gc,cpu      ] GC(0) User=0.02s Sys=0.00s Real=0.00s
[2025-09-20T10:06:49.267+0000][7][safepoint   ] Safepoint "G1CollectForAllocation", Time since last: 116677105 ns, Reaching safepoint: 2323 ns, Cleanup: 29016 ns, At safepoint: 3969625 ns, Total: 4000964 ns
[2025-09-20T10:06:49.569+0000][7][safepoint   ] Safepoint "ICBufferFull", Time since last: 302041141 ns, Reaching safepoint: 2147 ns, Cleanup: 58193 ns, At safepoint: 3986 ns, Total: 64326 ns
[2025-09-20T10:06:49.646+0000][7][gc,start    ] GC(1) Pause Young (Normal) (G1 Evacuation Pause)
[2025-09-20T10:06:49.646+0000][7][gc,task     ] GC(1) Using 8 workers of 8 for evacuation
[2025-09-20T10:06:49.646+0000][7][gc,age      ] GC(1) Desired survivor size 4194304 bytes, new threshold 1 (max threshold 15)
[2025-09-20T10:06:49.650+0000][7][gc,phases   ] GC(1)   Pre Evacuate Collection Set: 0.15ms
[2025-09-20T10:06:49.650+0000][7][gc,phases   ] GC(1)   Merge Heap Roots: 0.04ms
[2025-09-20T10:06:49.650+0000][7][gc,phases   ] GC(1)   Evacuate Collection Set: 3.99ms
[2025-09-20T10:06:49.650+0000][7][gc,phases   ] GC(1)   Post Evacuate Collection Set: 0.39ms
[2025-09-20T10:06:49.650+0000][7][gc,phases   ] GC(1)   Other: 0.05ms
[2025-09-20T10:06:49.650+0000][7][gc,age      ] GC(1) Age table with threshold 1 (max threshold 15)
[2025-09-20T10:06:49.650+0000][7][gc,age      ] GC(1) - age   1:    1388464 bytes,    1388464 total
[2025-09-20T10:06:49.650+0000][7][gc,heap     ] GC(1) Eden regions: 11->0(26)
[2025-09-20T10:06:49.650+0000][7][gc,heap     ] GC(1) Survivor regions: 2->1(2)
[2025-09-20T10:06:49.650+0000][7][gc,heap     ] GC(1) Old regions: 1->3
[2025-09-20T10:06:49.650+0000][7][gc,heap     ] GC(1) Humongous regions: 0->0
[2025-09-20T10:06:49.650+0000][7][gc,metaspace] GC(1) Metaspace: 15835K(16256K)->15835K(16256K) NonClass: 13985K(14208K)->13985K(14208K) Class: 1849K(2048K)->1849K(2048K)
[2025-09-20T10:06:49.650+0000][7][gc          ] GC(1) Pause Young (Normal) (G1 Evacuation Pause) 51M->9M(1024M) 4.759ms
[2025-09-20T10:06:49.650+0000][7][gc,cpu      ] GC(1) User=0.03s Sys=0.00s Real=0.01s
[2025-09-20T10:06:49.650+0000][7][safepoint   ] Safepoint "G1CollectForAllocation", Time since last: 76726858 ns, Reaching safepoint: 71114 ns, Cleanup: 41501 ns, At safepoint: 4792319 ns, Total: 4904934 ns
[2025-09-20T10:06:49.882+0000][7][gc,start    ] GC(2) Pause Young (Normal) (G1 Evacuation Pause)
[2025-09-20T10:06:49.882+0000][7][gc,task     ] GC(2) Using 8 workers of 8 for evacuation
[2025-09-20T10:06:49.882+0000][7][gc,age      ] GC(2) Desired survivor size 8388608 bytes, new threshold 15 (max threshold 15)
[2025-09-20T10:06:49.884+0000][7][gc,phases   ] GC(2)   Pre Evacuate Collection Set: 0.07ms
[2025-09-20T10:06:49.884+0000][7][gc,phases   ] GC(2)   Merge Heap Roots: 0.02ms
[2025-09-20T10:06:49.884+0000][7][gc,phases   ] GC(2)   Evacuate Collection Set: 1.27ms
[2025-09-20T10:06:49.884+0000][7][gc,phases   ] GC(2)   Post Evacuate Collection Set: 0.16ms
[2025-09-20T10:06:49.884+0000][7][gc,phases   ] GC(2)   Other: 0.04ms
[2025-09-20T10:06:49.884+0000][7][gc,age      ] GC(2) Age table with threshold 15 (max threshold 15)
[2025-09-20T10:06:49.884+0000][7][gc,age      ] GC(2) - age   1:    2395136 bytes,    2395136 total
[2025-09-20T10:06:49.884+0000][7][gc,age      ] GC(2) - age   2:    1352720 bytes,    3747856 total
[2025-09-20T10:06:49.884+0000][7][gc,heap     ] GC(2) Eden regions: 26->0(152)
[2025-09-20T10:06:49.884+0000][7][gc,heap     ] GC(2) Survivor regions: 1->1(4)
[2025-09-20T10:06:49.884+0000][7][gc,heap     ] GC(2) Old regions: 3->3
[2025-09-20T10:06:49.884+0000][7][gc,heap     ] GC(2) Humongous regions: 0->0
[2025-09-20T10:06:49.884+0000][7][gc,metaspace] GC(2) Metaspace: 17905K(18304K)->17905K(18304K) NonClass: 15803K(16000K)->15803K(16000K) Class: 2101K(2304K)->2101K(2304K)
[2025-09-20T10:06:49.884+0000][7][gc          ] GC(2) Pause Young (Normal) (G1 Evacuation Pause) 113M->11M(1024M) 1.684ms
[2025-09-20T10:06:49.884+0000][7][gc,cpu      ] GC(2) User=0.01s Sys=0.00s Real=0.00s
[2025-09-20T10:06:49.884+0000][7][safepoint   ] Safepoint "G1CollectForAllocation", Time since last: 231458826 ns, Reaching safepoint: 63676 ns, Cleanup: 54510 ns, At safepoint: 1709718 ns, Total: 1827904 ns
[2025-09-20T10:06:50.506+0000][7][gc,start    ] GC(3) Pause Young (Normal) (G1 Evacuation Pause)
[2025-09-20T10:06:50.506+0000][7][gc,task     ] GC(3) Using 8 workers of 8 for evacuation
[2025-09-20T10:06:50.506+0000][7][gc,age      ] GC(3) Desired survivor size 41943040 bytes, new threshold 15 (max threshold 15)
[2025-09-20T10:06:50.510+0000][7][gc,phases   ] GC(3)   Pre Evacuate Collection Set: 0.09ms
[2025-09-20T10:06:50.510+0000][7][gc,phases   ] GC(3)   Merge Heap Roots: 0.05ms
[2025-09-20T10:06:50.510+0000][7][gc,phases   ] GC(3)   Evacuate Collection Set: 2.72ms
[2025-09-20T10:06:50.510+0000][7][gc,phases   ] GC(3)   Post Evacuate Collection Set: 0.32ms
[2025-09-20T10:06:50.510+0000][7][gc,phases   ] GC(3)   Other: 0.06ms
[2025-09-20T10:06:50.510+0000][7][gc,age      ] GC(3) Age table with threshold 15 (max threshold 15)
[2025-09-20T10:06:50.510+0000][7][gc,age      ] GC(3) - age   1:    6133488 bytes,    6133488 total
[2025-09-20T10:06:50.510+0000][7][gc,age      ] GC(3) - age   2:    1757392 bytes,    7890880 total
[2025-09-20T10:06:50.510+0000][7][gc,age      ] GC(3) - age   3:    1351256 bytes,    9242136 total
[2025-09-20T10:06:50.510+0000][7][gc,heap     ] GC(3) Eden regions: 152->0(150)
[2025-09-20T10:06:50.510+0000][7][gc,heap     ] GC(3) Survivor regions: 1->3(20)
[2025-09-20T10:06:50.510+0000][7][gc,heap     ] GC(3) Old regions: 3->3
[2025-09-20T10:06:50.510+0000][7][gc,heap     ] GC(3) Humongous regions: 0->0
[2025-09-20T10:06:50.510+0000][7][gc,metaspace] GC(3) Metaspace: 20011K(20480K)->20011K(20480K) NonClass: 17591K(17856K)->17591K(17856K) Class: 2419K(2624K)->2419K(2624K)
[2025-09-20T10:06:50.510+0000][7][gc          ] GC(3) Pause Young (Normal) (G1 Evacuation Pause) 619M->16M(1024M) 3.408ms
[2025-09-20T10:06:50.510+0000][7][gc,cpu      ] GC(3) User=0.02s Sys=0.00s Real=0.01s
[2025-09-20T10:06:50.510+0000][7][safepoint   ] Safepoint "G1CollectForAllocation", Time since last: 622624064 ns, Reaching safepoint: 2460 ns, Cleanup: 67714 ns, At safepoint: 3438362 ns, Total: 3508536 ns
[2025-09-20T10:06:50.765+0000][7][gc,start    ] GC(4) Pause Young (Concurrent Start) (Metadata GC Threshold)
[2025-09-20T10:06:50.765+0000][7][gc,task     ] GC(4) Using 8 workers of 8 for evacuation
[2025-09-20T10:06:50.765+0000][7][gc,age      ] GC(4) Desired survivor size 41943040 bytes, new threshold 15 (max threshold 15)
[2025-09-20T10:06:50.768+0000][7][gc,phases   ] GC(4)   Pre Evacuate Collection Set: 0.10ms
[2025-09-20T10:06:50.768+0000][7][gc,phases   ] GC(4)   Merge Heap Roots: 0.04ms
[2025-09-20T10:06:50.768+0000][7][gc,phases   ] GC(4)   Evacuate Collection Set: 3.11ms
[2025-09-20T10:06:50.768+0000][7][gc,phases   ] GC(4)   Post Evacuate Collection Set: 0.23ms
[2025-09-20T10:06:50.768+0000][7][gc,phases   ] GC(4)   Other: 0.06ms
[2025-09-20T10:06:50.768+0000][7][gc,age      ] GC(4) Age table with threshold 15 (max threshold 15)
[2025-09-20T10:06:50.768+0000][7][gc,age      ] GC(4) - age   1:    1850976 bytes,    1850976 total
[2025-09-20T10:06:50.768+0000][7][gc,age      ] GC(4) - age   2:    6115360 bytes,    7966336 total
[2025-09-20T10:06:50.768+0000][7][gc,age      ] GC(4) - age   3:    1756016 bytes,    9722352 total
[2025-09-20T10:06:50.768+0000][7][gc,age      ] GC(4) - age   4:    1351256 bytes,   11073608 total
[2025-09-20T10:06:50.768+0000][7][gc,heap     ] GC(4) Eden regions: 86->0(150)
[2025-09-20T10:06:50.768+0000][7][gc,heap     ] GC(4) Survivor regions: 3->3(20)
[2025-09-20T10:06:50.768+0000][7][gc,heap     ] GC(4) Old regions: 3->3
[2025-09-20T10:06:50.768+0000][7][gc,heap     ] GC(4) Humongous regions: 0->0
[2025-09-20T10:06:50.768+0000][7][gc,metaspace] GC(4) Metaspace: 21008K(21504K)->21008K(21504K) NonClass: 18446K(18752K)->18446K(18752K) Class: 2562K(2752K)->2562K(2752K)
[2025-09-20T10:06:50.768+0000][7][gc          ] GC(4) Pause Young (Concurrent Start) (Metadata GC Threshold) 360M->18M(1024M) 3.679ms
[2025-09-20T10:06:50.768+0000][7][gc,cpu      ] GC(4) User=0.02s Sys=0.00s Real=0.00s
[2025-09-20T10:06:50.768+0000][7][gc          ] GC(5) Concurrent Mark Cycle
[2025-09-20T10:06:50.768+0000][7][gc,marking  ] GC(5) Concurrent Scan Root Regions
[2025-09-20T10:06:50.768+0000][7][safepoint   ] Safepoint "CollectForMetadataAllocation", Time since last: 254771686 ns, Reaching safepoint: 2243 ns, Cleanup: 30687 ns, At safepoint: 3747669 ns, Total: 3780599 ns
[2025-09-20T10:06:50.770+0000][7][gc,marking  ] GC(5) Concurrent Scan Root Regions 1.632ms
[2025-09-20T10:06:50.770+0000][7][gc,marking  ] GC(5) Concurrent Mark
[2025-09-20T10:06:50.770+0000][7][gc,marking  ] GC(5) Concurrent Mark From Roots
[2025-09-20T10:06:50.770+0000][7][gc,task     ] GC(5) Using 2 workers of 2 for marking
[2025-09-20T10:06:50.773+0000][7][gc,marking  ] GC(5) Concurrent Mark From Roots 3.384ms
[2025-09-20T10:06:50.773+0000][7][gc,marking  ] GC(5) Concurrent Preclean
[2025-09-20T10:06:50.773+0000][7][gc,marking  ] GC(5) Concurrent Preclean 0.019ms
[2025-09-20T10:06:50.775+0000][7][gc,start    ] GC(5) Pause Remark
[2025-09-20T10:06:50.776+0000][7][gc          ] GC(5) Pause Remark 22M->22M(1024M) 1.405ms
[2025-09-20T10:06:50.776+0000][7][gc,cpu      ] GC(5) User=0.01s Sys=0.00s Real=0.00s
[2025-09-20T10:06:50.776+0000][7][safepoint   ] Safepoint "G1PauseRemark", Time since last: 6448719 ns, Reaching safepoint: 66686 ns, Cleanup: 6199 ns, At safepoint: 1436318 ns, Total: 1509203 ns
[2025-09-20T10:06:50.776+0000][7][gc,marking  ] GC(5) Concurrent Mark 6.338ms
[2025-09-20T10:06:50.776+0000][7][gc,marking  ] GC(5) Concurrent Rebuild Remembered Sets and Scrub Regions
[2025-09-20T10:06:50.778+0000][7][gc,marking  ] GC(5) Concurrent Rebuild Remembered Sets and Scrub Regions 1.562ms
[2025-09-20T10:06:50.778+0000][7][gc,start    ] GC(5) Pause Cleanup
[2025-09-20T10:06:50.778+0000][7][gc          ] GC(5) Pause Cleanup 22M->22M(1024M) 0.059ms
[2025-09-20T10:06:50.778+0000][7][gc,cpu      ] GC(5) User=0.00s Sys=0.00s Real=0.00s
[2025-09-20T10:06:50.778+0000][7][safepoint   ] Safepoint "G1PauseCleanup", Time since last: 1623737 ns, Reaching safepoint: 2992 ns, Cleanup: 1521 ns, At safepoint: 79692 ns, Total: 84205 ns
[2025-09-20T10:06:50.778+0000][7][gc,marking  ] GC(5) Concurrent Clear Claimed Marks
[2025-09-20T10:06:50.778+0000][7][gc,marking  ] GC(5) Concurrent Clear Claimed Marks 0.022ms
[2025-09-20T10:06:50.778+0000][7][gc,marking  ] GC(5) Concurrent Cleanup for Next Mark
[2025-09-20T10:06:50.779+0000][7][gc,marking  ] GC(5) Concurrent Cleanup for Next Mark 0.594ms
[2025-09-20T10:06:50.779+0000][7][gc          ] GC(5) Concurrent Mark Cycle 10.388ms
[2025-09-20T10:06:51.369+0000][7][safepoint   ] Safepoint "ICBufferFull", Time since last: 591327328 ns, Reaching safepoint: 1912 ns, Cleanup: 62560 ns, At safepoint: 3802 ns, Total: 68274 ns
[2025-09-20T10:06:51.646+0000][7][safepoint   ] Safepoint "ICBufferFull", Time since last: 276794891 ns, Reaching safepoint: 3871 ns, Cleanup: 77078 ns, At safepoint: 5084 ns, Total: 86033 ns
[2025-09-20T10:06:51.778+0000][7][gc,start    ] GC(6) Pause Young (Prepare Mixed) (G1 Evacuation Pause)
[2025-09-20T10:06:51.778+0000][7][gc,task     ] GC(6) Using 8 workers of 8 for evacuation
[2025-09-20T10:06:51.778+0000][7][gc,age      ] GC(6) Desired survivor size 41943040 bytes, new threshold 15 (max threshold 15)
[2025-09-20T10:06:51.787+0000][7][gc,phases   ] GC(6)   Pre Evacuate Collection Set: 0.13ms
[2025-09-20T10:06:51.787+0000][7][gc,phases   ] GC(6)   Merge Heap Roots: 0.05ms
[2025-09-20T10:06:51.787+0000][7][gc,phases   ] GC(6)   Evacuate Collection Set: 7.93ms
[2025-09-20T10:06:51.787+0000][7][gc,phases   ] GC(6)   Post Evacuate Collection Set: 0.77ms
[2025-09-20T10:06:51.787+0000][7][gc,phases   ] GC(6)   Other: 0.06ms
[2025-09-20T10:06:51.787+0000][7][gc,age      ] GC(6) Age table with threshold 15 (max threshold 15)
[2025-09-20T10:06:51.787+0000][7][gc,age      ] GC(6) - age   1:   13050056 bytes,   13050056 total
[2025-09-20T10:06:51.787+0000][7][gc,age      ] GC(6) - age   2:    1806488 bytes,   14856544 total
[2025-09-20T10:06:51.787+0000][7][gc,age      ] GC(6) - age   3:    6079224 bytes,   20935768 total
[2025-09-20T10:06:51.787+0000][7][gc,age      ] GC(6) - age   4:    1687672 bytes,   22623440 total
[2025-09-20T10:06:51.787+0000][7][gc,age      ] GC(6) - age   5:    1309976 bytes,   23933416 total
[2025-09-20T10:06:51.787+0000][7][gc,heap     ] GC(6) Eden regions: 150->0(146)
[2025-09-20T10:06:51.787+0000][7][gc,heap     ] GC(6) Survivor regions: 3->7(20)
[2025-09-20T10:06:51.787+0000][7][gc,heap     ] GC(6) Old regions: 3->3
[2025-09-20T10:06:51.787+0000][7][gc,heap     ] GC(6) Humongous regions: 0->0
[2025-09-20T10:06:51.787+0000][7][gc,metaspace] GC(6) Metaspace: 30196K(31168K)->30196K(31168K) NonClass: 26319K(26944K)->26319K(26944K) Class: 3877K(4224K)->3877K(4224K)
[2025-09-20T10:06:51.787+0000][7][gc          ] GC(6) Pause Young (Prepare Mixed) (G1 Evacuation Pause) 618M->31M(1024M) 9.082ms
[2025-09-20T10:06:51.788+0000][7][gc,cpu      ] GC(6) User=0.07s Sys=0.00s Real=0.01s
[2025-09-20T10:06:51.788+0000][7][safepoint   ] Safepoint "G1CollectForAllocation", Time since last: 132075946 ns, Reaching safepoint: 3646 ns, Cleanup: 39225 ns, At safepoint: 9108741 ns, Total: 9151612 ns
[2025-09-20T10:06:52.465+0000][7][gc,start    ] GC(7) Pause Young (Mixed) (Metadata GC Threshold)
[2025-09-20T10:06:52.465+0000][7][gc,task     ] GC(7) Using 8 workers of 8 for evacuation
[2025-09-20T10:06:52.465+0000][7][gc,age      ] GC(7) Desired survivor size 41943040 bytes, new threshold 15 (max threshold 15)
[2025-09-20T10:06:52.478+0000][7][gc,phases   ] GC(7)   Pre Evacuate Collection Set: 0.06ms
[2025-09-20T10:06:52.478+0000][7][gc,phases   ] GC(7)   Merge Heap Roots: 0.05ms
[2025-09-20T10:06:52.478+0000][7][gc,phases   ] GC(7)   Evacuate Collection Set: 12.59ms
[2025-09-20T10:06:52.478+0000][7][gc,phases   ] GC(7)   Post Evacuate Collection Set: 0.77ms
[2025-09-20T10:06:52.478+0000][7][gc,phases   ] GC(7)   Other: 0.04ms
[2025-09-20T10:06:52.478+0000][7][gc,age      ] GC(7) Age table with threshold 15 (max threshold 15)
[2025-09-20T10:06:52.478+0000][7][gc,age      ] GC(7) - age   1:   16391120 bytes,   16391120 total
[2025-09-20T10:06:52.478+0000][7][gc,age      ] GC(7) - age   2:   12215624 bytes,   28606744 total
[2025-09-20T10:06:52.478+0000][7][gc,age      ] GC(7) - age   3:    1806392 bytes,   30413136 total
[2025-09-20T10:06:52.478+0000][7][gc,age      ] GC(7) - age   4:    6069416 bytes,   36482552 total
[2025-09-20T10:06:52.478+0000][7][gc,age      ] GC(7) - age   5:    1687544 bytes,   38170096 total
[2025-09-20T10:06:52.478+0000][7][gc,age      ] GC(7) - age   6:    1309496 bytes,   39479592 total
[2025-09-20T10:06:52.478+0000][7][gc,heap     ] GC(7) Eden regions: 43->0(142)
[2025-09-20T10:06:52.478+0000][7][gc,heap     ] GC(7) Survivor regions: 7->11(20)
[2025-09-20T10:06:52.478+0000][7][gc,heap     ] GC(7) Old regions: 3->2
[2025-09-20T10:06:52.478+0000][7][gc,heap     ] GC(7) Humongous regions: 0->0
[2025-09-20T10:06:52.478+0000][7][gc,metaspace] GC(7) Metaspace: 35194K(36160K)->35194K(36160K) NonClass: 30542K(31104K)->30542K(31104K) Class: 4652K(5056K)->4652K(5056K)
[2025-09-20T10:06:52.478+0000][7][gc          ] GC(7) Pause Young (Mixed) (Metadata GC Threshold) 203M->48M(1024M) 13.625ms
[2025-09-20T10:06:52.478+0000][7][gc,cpu      ] GC(7) User=0.09s Sys=0.00s Real=0.01s
[2025-09-20T10:06:52.478+0000][7][safepoint   ] Safepoint "CollectForMetadataAllocation", Time since last: 677172077 ns, Reaching safepoint: 2162 ns, Cleanup: 50374 ns, At safepoint: 13673694 ns, Total: 13726230 ns
[2025-09-20T10:06:52.490+0000][7][gc,start    ] GC(8) Pause Young (Concurrent Start) (Metadata GC Threshold)
[2025-09-20T10:06:52.490+0000][7][gc,task     ] GC(8) Using 8 workers of 8 for evacuation
[2025-09-20T10:06:52.490+0000][7][gc,age      ] GC(8) Desired survivor size 41943040 bytes, new threshold 15 (max threshold 15)
[2025-09-20T10:06:52.502+0000][7][gc,phases   ] GC(8)   Pre Evacuate Collection Set: 0.09ms
[2025-09-20T10:06:52.502+0000][7][gc,phases   ] GC(8)   Merge Heap Roots: 0.03ms
[2025-09-20T10:06:52.502+0000][7][gc,phases   ] GC(8)   Evacuate Collection Set: 11.21ms
[2025-09-20T10:06:52.502+0000][7][gc,phases   ] GC(8)   Post Evacuate Collection Set: 0.51ms
[2025-09-20T10:06:52.502+0000][7][gc,phases   ] GC(8)   Other: 0.05ms
[2025-09-20T10:06:52.502+0000][7][gc,age      ] GC(8) Age table with threshold 15 (max threshold 15)
[2025-09-20T10:06:52.502+0000][7][gc,age      ] GC(8) - age   1:      50400 bytes,      50400 total
[2025-09-20T10:06:52.502+0000][7][gc,age      ] GC(8) - age   2:   16328000 bytes,   16378400 total
[2025-09-20T10:06:52.502+0000][7][gc,age      ] GC(8) - age   3:   12215624 bytes,   28594024 total
[2025-09-20T10:06:52.502+0000][7][gc,age      ] GC(8) - age   4:    1806392 bytes,   30400416 total
[2025-09-20T10:06:52.502+0000][7][gc,age      ] GC(8) - age   5:    6069416 bytes,   36469832 total
[2025-09-20T10:06:52.502+0000][7][gc,age      ] GC(8) - age   6:    1687544 bytes,   38157376 total
[2025-09-20T10:06:52.502+0000][7][gc,age      ] GC(8) - age   7:    1309496 bytes,   39466872 total
[2025-09-20T10:06:52.502+0000][7][gc,heap     ] GC(8) Eden regions: 2->0(142)
[2025-09-20T10:06:52.502+0000][7][gc,heap     ] GC(8) Survivor regions: 11->11(20)
[2025-09-20T10:06:52.502+0000][7][gc,heap     ] GC(8) Old regions: 2->2
[2025-09-20T10:06:52.502+0000][7][gc,heap     ] GC(8) Humongous regions: 0->0
[2025-09-20T10:06:52.502+0000][7][gc,metaspace] GC(8) Metaspace: 35489K(36480K)->35489K(36480K) NonClass: 30803K(31360K)->30803K(31360K) Class: 4685K(5120K)->4685K(5120K)
[2025-09-20T10:06:52.502+0000][7][gc          ] GC(8) Pause Young (Concurrent Start) (Metadata GC Threshold) 52M->50M(1024M) 12.024ms
[2025-09-20T10:06:52.502+0000][7][gc,cpu      ] GC(8) User=0.09s Sys=0.00s Real=0.01s
[2025-09-20T10:06:52.502+0000][7][gc          ] GC(9) Concurrent Mark Cycle
[2025-09-20T10:06:52.502+0000][7][gc,marking  ] GC(9) Concurrent Scan Root Regions
[2025-09-20T10:06:52.502+0000][7][safepoint   ] Safepoint "CollectForMetadataAllocation", Time since last: 11352890 ns, Reaching safepoint: 2324 ns, Cleanup: 10256 ns, At safepoint: 12076755 ns, Total: 12089335 ns
[2025-09-20T10:06:52.512+0000][7][gc,marking  ] GC(9) Concurrent Scan Root Regions 9.942ms
[2025-09-20T10:06:52.512+0000][7][gc,marking  ] GC(9) Concurrent Mark
[2025-09-20T10:06:52.512+0000][7][gc,marking  ] GC(9) Concurrent Mark From Roots
[2025-09-20T10:06:52.512+0000][7][gc,task     ] GC(9) Using 2 workers of 2 for marking
[2025-09-20T10:06:52.516+0000][7][gc,marking  ] GC(9) Concurrent Mark From Roots 3.757ms
[2025-09-20T10:06:52.516+0000][7][gc,marking  ] GC(9) Concurrent Preclean
[2025-09-20T10:06:52.516+0000][7][gc,marking  ] GC(9) Concurrent Preclean 0.022ms
[2025-09-20T10:06:52.516+0000][7][gc,start    ] GC(9) Pause Remark
[2025-09-20T10:06:52.519+0000][7][gc          ] GC(9) Pause Remark 53M->53M(1024M) 2.737ms
[2025-09-20T10:06:52.519+0000][7][gc,cpu      ] GC(9) User=0.01s Sys=0.00s Real=0.00s
[2025-09-20T10:06:52.519+0000][7][safepoint   ] Safepoint "G1PauseRemark", Time since last: 13779214 ns, Reaching safepoint: 252471 ns, Cleanup: 14962 ns, At safepoint: 2773564 ns, Total: 3040997 ns
[2025-09-20T10:06:52.519+0000][7][gc,marking  ] GC(9) Concurrent Mark 6.877ms
[2025-09-20T10:06:52.519+0000][7][gc,marking  ] GC(9) Concurrent Rebuild Remembered Sets and Scrub Regions
[2025-09-20T10:06:52.521+0000][7][gc,marking  ] GC(9) Concurrent Rebuild Remembered Sets and Scrub Regions 1.898ms
[2025-09-20T10:06:52.521+0000][7][gc,start    ] GC(9) Pause Cleanup
[2025-09-20T10:06:52.521+0000][7][gc          ] GC(9) Pause Cleanup 53M->53M(1024M) 0.052ms
[2025-09-20T10:06:52.521+0000][7][gc,cpu      ] GC(9) User=0.00s Sys=0.00s Real=0.00s
[2025-09-20T10:06:52.521+0000][7][safepoint   ] Safepoint "G1PauseCleanup", Time since last: 1952580 ns, Reaching safepoint: 66711 ns, Cleanup: 3787 ns, At safepoint: 73779 ns, Total: 144277 ns
[2025-09-20T10:06:52.521+0000][7][gc,marking  ] GC(9) Concurrent Clear Claimed Marks
[2025-09-20T10:06:52.521+0000][7][gc,marking  ] GC(9) Concurrent Clear Claimed Marks 0.042ms
[2025-09-20T10:06:52.521+0000][7][gc,marking  ] GC(9) Concurrent Cleanup for Next Mark
[2025-09-20T10:06:52.522+0000][7][gc,marking  ] GC(9) Concurrent Cleanup for Next Mark 0.677ms
[2025-09-20T10:06:52.522+0000][7][gc          ] GC(9) Concurrent Mark Cycle 19.725ms
[2025-09-20T10:06:53.154+0000][7][safepoint   ] Safepoint "ICBufferFull", Time since last: 633227846 ns, Reaching safepoint: 66326 ns, Cleanup: 63816 ns, At safepoint: 23218 ns, Total: 153360 ns
[2025-09-20T10:06:54.082+0000][7][safepoint   ] Safepoint "ICBufferFull", Time since last: 927507773 ns, Reaching safepoint: 3212 ns, Cleanup: 85033 ns, At safepoint: 4803 ns, Total: 93048 ns
[2025-09-20T10:06:54.711+0000][7][safepoint   ] Safepoint "ICBufferFull", Time since last: 628653121 ns, Reaching safepoint: 70799 ns, Cleanup: 87704 ns, At safepoint: 5024 ns, Total: 163527 ns
[2025-09-20T10:06:54.836+0000][7][gc,start    ] GC(10) Pause Young (Concurrent Start) (Metadata GC Threshold)
[2025-09-20T10:06:54.836+0000][7][gc,task     ] GC(10) Using 8 workers of 8 for evacuation
[2025-09-20T10:06:54.836+0000][7][gc,age      ] GC(10) Desired survivor size 41943040 bytes, new threshold 15 (max threshold 15)
[2025-09-20T10:06:54.856+0000][7][gc,phases   ] GC(10)   Pre Evacuate Collection Set: 0.56ms
[2025-09-20T10:06:54.856+0000][7][gc,phases   ] GC(10)   Merge Heap Roots: 0.05ms
[2025-09-20T10:06:54.856+0000][7][gc,phases   ] GC(10)   Evacuate Collection Set: 18.06ms
[2025-09-20T10:06:54.856+0000][7][gc,phases   ] GC(10)   Post Evacuate Collection Set: 1.00ms
[2025-09-20T10:06:54.856+0000][7][gc,phases   ] GC(10)   Other: 0.06ms
[2025-09-20T10:06:54.856+0000][7][gc,age      ] GC(10) Age table with threshold 15 (max threshold 15)
[2025-09-20T10:06:54.856+0000][7][gc,age      ] GC(10) - age   1:   11570376 bytes,   11570376 total
[2025-09-20T10:06:54.856+0000][7][gc,age      ] GC(10) - age   2:      45264 bytes,   11615640 total
[2025-09-20T10:06:54.856+0000][7][gc,age      ] GC(10) - age   3:   16298072 bytes,   27913712 total
[2025-09-20T10:06:54.856+0000][7][gc,age      ] GC(10) - age   4:   12013920 bytes,   39927632 total
[2025-09-20T10:06:54.856+0000][7][gc,age      ] GC(10) - age   5:    1796080 bytes,   41723712 total
[2025-09-20T10:06:54.856+0000][7][gc,age      ] GC(10) - age   6:    6053952 bytes,   47777664 total
[2025-09-20T10:06:54.856+0000][7][gc,age      ] GC(10) - age   7:    1680024 bytes,   49457688 total
[2025-09-20T10:06:54.856+0000][7][gc,age      ] GC(10) - age   8:    1290680 bytes,   50748368 total
[2025-09-20T10:06:54.856+0000][7][gc,heap     ] GC(10) Eden regions: 109->0(139)
[2025-09-20T10:06:54.856+0000][7][gc,heap     ] GC(10) Survivor regions: 11->14(20)
[2025-09-20T10:06:54.856+0000][7][gc,heap     ] GC(10) Old regions: 2->2
[2025-09-20T10:06:54.856+0000][7][gc,heap     ] GC(10) Humongous regions: 0->0
[2025-09-20T10:06:54.856+0000][7][gc,metaspace] GC(10) Metaspace: 60126K(61376K)->60126K(61376K) NonClass: 51980K(52736K)->51980K(52736K) Class: 8146K(8640K)->8146K(8640K)
[2025-09-20T10:06:54.856+0000][7][gc          ] GC(10) Pause Young (Concurrent Start) (Metadata GC Threshold) 486M->60M(1024M) 19.912ms
[2025-09-20T10:06:54.856+0000][7][gc,cpu      ] GC(10) User=0.13s Sys=0.01s Real=0.02s
[2025-09-20T10:06:54.856+0000][7][gc          ] GC(11) Concurrent Mark Cycle
[2025-09-20T10:06:54.856+0000][7][gc,marking  ] GC(11) Concurrent Scan Root Regions
[2025-09-20T10:06:54.856+0000][7][safepoint   ] Safepoint "CollectForMetadataAllocation", Time since last: 125567271 ns, Reaching safepoint: 3635 ns, Cleanup: 41385 ns, At safepoint: 19984241 ns, Total: 20029261 ns
[2025-09-20T10:06:54.872+0000][7][gc,marking  ] GC(11) Concurrent Scan Root Regions 16.054ms
[2025-09-20T10:06:54.872+0000][7][gc,marking  ] GC(11) Concurrent Mark
[2025-09-20T10:06:54.873+0000][7][gc,marking  ] GC(11) Concurrent Mark From Roots
[2025-09-20T10:06:54.873+0000][7][gc,task     ] GC(11) Using 2 workers of 2 for marking
[2025-09-20T10:06:54.878+0000][7][gc,marking  ] GC(11) Concurrent Mark From Roots 5.347ms
[2025-09-20T10:06:54.878+0000][7][gc,marking  ] GC(11) Concurrent Preclean
[2025-09-20T10:06:54.878+0000][7][gc,marking  ] GC(11) Concurrent Preclean 0.031ms
[2025-09-20T10:06:54.878+0000][7][gc,start    ] GC(11) Pause Remark
[2025-09-20T10:06:54.881+0000][7][gc          ] GC(11) Pause Remark 62M->62M(1024M) 2.653ms
[2025-09-20T10:06:54.881+0000][7][gc,cpu      ] GC(11) User=0.01s Sys=0.00s Real=0.01s
[2025-09-20T10:06:54.881+0000][7][safepoint   ] Safepoint "G1PauseRemark", Time since last: 21841352 ns, Reaching safepoint: 314998 ns, Cleanup: 12730 ns, At safepoint: 2692226 ns, Total: 3019954 ns
[2025-09-20T10:06:54.881+0000][7][gc,marking  ] GC(11) Concurrent Mark 8.651ms
[2025-09-20T10:06:54.881+0000][7][gc,marking  ] GC(11) Concurrent Rebuild Remembered Sets and Scrub Regions
[2025-09-20T10:06:54.883+0000][7][gc,marking  ] GC(11) Concurrent Rebuild Remembered Sets and Scrub Regions 1.977ms
[2025-09-20T10:06:54.883+0000][7][gc,start    ] GC(11) Pause Cleanup
[2025-09-20T10:06:54.883+0000][7][gc          ] GC(11) Pause Cleanup 62M->62M(1024M) 0.047ms
[2025-09-20T10:06:54.883+0000][7][gc,cpu      ] GC(11) User=0.00s Sys=0.00s Real=0.00s
[2025-09-20T10:06:54.883+0000][7][safepoint   ] Safepoint "G1PauseCleanup", Time since last: 2028170 ns, Reaching safepoint: 66013 ns, Cleanup: 5766 ns, At safepoint: 62581 ns, Total: 134360 ns
[2025-09-20T10:06:54.883+0000][7][gc,marking  ] GC(11) Concurrent Clear Claimed Marks
[2025-09-20T10:06:54.883+0000][7][gc,marking  ] GC(11) Concurrent Clear Claimed Marks 0.049ms
[2025-09-20T10:06:54.883+0000][7][gc,marking  ] GC(11) Concurrent Cleanup for Next Mark
[2025-09-20T10:06:54.884+0000][7][gc,marking  ] GC(11) Concurrent Cleanup for Next Mark 0.618ms
[2025-09-20T10:06:54.884+0000][7][gc          ] GC(11) Concurrent Mark Cycle 27.819ms
[2025-09-20T10:06:55.556+0000][7][safepoint   ] Safepoint "ICBufferFull", Time since last: 672231769 ns, Reaching safepoint: 2998 ns, Cleanup: 69494 ns, At safepoint: 3695 ns, Total: 76187 ns
[2025-09-20T10:06:56.095+0000][7][safepoint   ] Safepoint "ICBufferFull", Time since last: 539382105 ns, Reaching safepoint: 3537 ns, Cleanup: 67385 ns, At safepoint: 4434 ns, Total: 75356 ns
[2025-09-20T10:06:56.317+0000][7][safepoint   ] Safepoint "ICBufferFull", Time since last: 221669921 ns, Reaching safepoint: 68306 ns, Cleanup: 65182 ns, At safepoint: 4998 ns, Total: 138486 ns
[2025-09-20T10:06:56.571+0000][7][safepoint   ] Safepoint "ICBufferFull", Time since last: 254074643 ns, Reaching safepoint: 56225 ns, Cleanup: 90938 ns, At safepoint: 5783 ns, Total: 152946 ns
[2025-09-20T10:06:56.831+0000][7][safepoint   ] Safepoint "ICBufferFull", Time since last: 260358151 ns, Reaching safepoint: 4632 ns, Cleanup: 62748 ns, At safepoint: 5188 ns, Total: 72568 ns
[2025-09-20T10:06:57.060+0000][7][safepoint   ] Safepoint "ICBufferFull", Time since last: 228701074 ns, Reaching safepoint: 4810 ns, Cleanup: 66020 ns, At safepoint: 4417 ns, Total: 75247 ns
[2025-09-20T10:06:57.232+0000][7][safepoint   ] Safepoint "ICBufferFull", Time since last: 171601195 ns, Reaching safepoint: 71491 ns, Cleanup: 73476 ns, At safepoint: 5041 ns, Total: 150008 ns
[2025-09-20T10:06:57.442+0000][7][safepoint   ] Safepoint "ICBufferFull", Time since last: 210144979 ns, Reaching safepoint: 4846 ns, Cleanup: 59994 ns, At safepoint: 4179 ns, Total: 69019 ns
[2025-09-20T10:06:58.072+0000][7][safepoint   ] Safepoint "ICBufferFull", Time since last: 629698605 ns, Reaching safepoint: 6065 ns, Cleanup: 85452 ns, At safepoint: 3415 ns, Total: 94932 ns
[2025-09-20T10:06:58.145+0000][7][gc,start    ] GC(12) Pause Young (Concurrent Start) (Metadata GC Threshold)
[2025-09-20T10:06:58.145+0000][7][gc,task     ] GC(12) Using 8 workers of 8 for evacuation
[2025-09-20T10:06:58.145+0000][7][gc,age      ] GC(12) Desired survivor size 41943040 bytes, new threshold 6 (max threshold 15)
[2025-09-20T10:06:58.166+0000][7][gc,phases   ] GC(12)   Pre Evacuate Collection Set: 0.10ms
[2025-09-20T10:06:58.166+0000][7][gc,phases   ] GC(12)   Merge Heap Roots: 0.05ms
[2025-09-20T10:06:58.166+0000][7][gc,phases   ] GC(12)   Evacuate Collection Set: 19.84ms
[2025-09-20T10:06:58.166+0000][7][gc,phases   ] GC(12)   Post Evacuate Collection Set: 1.17ms
[2025-09-20T10:06:58.166+0000][7][gc,phases   ] GC(12)   Other: 0.06ms
[2025-09-20T10:06:58.166+0000][7][gc,age      ] GC(12) Age table with threshold 6 (max threshold 15)
[2025-09-20T10:06:58.166+0000][7][gc,age      ] GC(12) - age   1:   17651872 bytes,   17651872 total
[2025-09-20T10:06:58.166+0000][7][gc,age      ] GC(12) - age   2:   10843624 bytes,   28495496 total
[2025-09-20T10:06:58.166+0000][7][gc,age      ] GC(12) - age   3:      44328 bytes,   28539824 total
[2025-09-20T10:06:58.166+0000][7][gc,age      ] GC(12) - age   4:   16272832 bytes,   44812656 total
[2025-09-20T10:06:58.166+0000][7][gc,age      ] GC(12) - age   5:   11928088 bytes,   56740744 total
[2025-09-20T10:06:58.166+0000][7][gc,age      ] GC(12) - age   6:    1789528 bytes,   58530272 total
[2025-09-20T10:06:58.166+0000][7][gc,heap     ] GC(12) Eden regions: 125->0(137)
[2025-09-20T10:06:58.166+0000][7][gc,heap     ] GC(12) Survivor regions: 14->16(20)
[2025-09-20T10:06:58.166+0000][7][gc,heap     ] GC(12) Old regions: 2->5
[2025-09-20T10:06:58.166+0000][7][gc,heap     ] GC(12) Humongous regions: 2->2
[2025-09-20T10:06:58.166+0000][7][gc,metaspace] GC(12) Metaspace: 100014K(102720K)->100014K(102720K) NonClass: 85726K(87104K)->85726K(87104K) Class: 14287K(15616K)->14287K(15616K)
[2025-09-20T10:06:58.166+0000][7][gc          ] GC(12) Pause Young (Concurrent Start) (Metadata GC Threshold) 566M->87M(1024M) 21.373ms
[2025-09-20T10:06:58.166+0000][7][gc          ] GC(13) Concurrent Mark Cycle
[2025-09-20T10:06:58.166+0000][7][gc,cpu      ] GC(12) User=0.14s Sys=0.00s Real=0.02s
[2025-09-20T10:06:58.166+0000][7][gc,marking  ] GC(13) Concurrent Scan Root Regions
[2025-09-20T10:06:58.166+0000][7][safepoint   ] Safepoint "CollectForMetadataAllocation", Time since last: 73055466 ns, Reaching safepoint: 6702 ns, Cleanup: 13428 ns, At safepoint: 21454891 ns, Total: 21475021 ns
[2025-09-20T10:06:58.184+0000][7][gc,marking  ] GC(13) Concurrent Scan Root Regions 17.862ms
[2025-09-20T10:06:58.184+0000][7][gc,marking  ] GC(13) Concurrent Mark
[2025-09-20T10:06:58.184+0000][7][gc,marking  ] GC(13) Concurrent Mark From Roots
[2025-09-20T10:06:58.184+0000][7][gc,task     ] GC(13) Using 2 workers of 2 for marking
[2025-09-20T10:06:58.189+0000][7][gc,marking  ] GC(13) Concurrent Mark From Roots 4.994ms
[2025-09-20T10:06:58.189+0000][7][gc,marking  ] GC(13) Concurrent Preclean
[2025-09-20T10:06:58.189+0000][7][gc,marking  ] GC(13) Concurrent Preclean 0.039ms
[2025-09-20T10:06:58.189+0000][7][gc,start    ] GC(13) Pause Remark
[2025-09-20T10:06:58.193+0000][7][gc          ] GC(13) Pause Remark 91M->91M(1024M) 3.261ms
[2025-09-20T10:06:58.193+0000][7][gc,cpu      ] GC(13) User=0.02s Sys=0.00s Real=0.00s
[2025-09-20T10:06:58.193+0000][7][safepoint   ] Safepoint "G1PauseRemark", Time since last: 22935243 ns, Reaching safepoint: 4684 ns, Cleanup: 7557 ns, At safepoint: 3306380 ns, Total: 3318621 ns
[2025-09-20T10:06:58.193+0000][7][gc,marking  ] GC(13) Concurrent Mark 8.425ms
[2025-09-20T10:06:58.193+0000][7][gc,marking  ] GC(13) Concurrent Rebuild Remembered Sets and Scrub Regions
[2025-09-20T10:06:58.195+0000][7][gc,marking  ] GC(13) Concurrent Rebuild Remembered Sets and Scrub Regions 2.576ms
[2025-09-20T10:06:58.195+0000][7][gc,start    ] GC(13) Pause Cleanup
[2025-09-20T10:06:58.195+0000][7][gc          ] GC(13) Pause Cleanup 91M->91M(1024M) 0.080ms
[2025-09-20T10:06:58.195+0000][7][gc,cpu      ] GC(13) User=0.00s Sys=0.00s Real=0.00s
[2025-09-20T10:06:58.195+0000][7][safepoint   ] Safepoint "G1PauseCleanup", Time since last: 2637849 ns, Reaching safepoint: 3930 ns, Cleanup: 5084 ns, At safepoint: 103993 ns, Total: 113007 ns
[2025-09-20T10:06:58.196+0000][7][gc,marking  ] GC(13) Concurrent Clear Claimed Marks
[2025-09-20T10:06:58.196+0000][7][gc,marking  ] GC(13) Concurrent Clear Claimed Marks 0.125ms
[2025-09-20T10:06:58.196+0000][7][gc,marking  ] GC(13) Concurrent Cleanup for Next Mark
[2025-09-20T10:06:58.196+0000][7][gc,marking  ] GC(13) Concurrent Cleanup for Next Mark 0.444ms
[2025-09-20T10:06:58.196+0000][7][gc          ] GC(13) Concurrent Mark Cycle 29.687ms
[2025-09-20T10:06:59.681+0000][7][safepoint   ] Safepoint "Cleanup", Time since last: 1485357031 ns, Reaching safepoint: 6066 ns, Cleanup: 72687 ns, At safepoint: 19884 ns, Total: 98637 ns
[2025-09-20T10:06:59.951+0000][7][safepoint   ] Safepoint "ICBufferFull", Time since last: 269266589 ns, Reaching safepoint: 96978 ns, Cleanup: 113131 ns, At safepoint: 235728 ns, Total: 445837 ns
[2025-09-20T10:07:00.911+0000][7][safepoint   ] Safepoint "ICBufferFull", Time since last: 960019641 ns, Reaching safepoint: 7681 ns, Cleanup: 80983 ns, At safepoint: 5741 ns, Total: 94405 ns
[2025-09-20T10:07:01.987+0000][7][safepoint   ] Safepoint "Cleanup", Time since last: 1076581905 ns, Reaching safepoint: 8951 ns, Cleanup: 50827 ns, At safepoint: 4281 ns, Total: 64059 ns
[2025-09-20T10:07:02.988+0000][7][safepoint   ] Safepoint "Cleanup", Time since last: 1000111922 ns, Reaching safepoint: 10889 ns, Cleanup: 22884 ns, At safepoint: 6187 ns, Total: 39960 ns
[2025-09-20T10:07:03.988+0000][7][safepoint   ] Safepoint "Cleanup", Time since last: 1000098542 ns, Reaching safepoint: 7256 ns, Cleanup: 20849 ns, At safepoint: 4212 ns, Total: 32317 ns
[2025-09-20T10:07:04.988+0000][7][safepoint   ] Safepoint "Cleanup", Time since last: 1000087042 ns, Reaching safepoint: 8484 ns, Cleanup: 17632 ns, At safepoint: 6485 ns, Total: 32601 ns
[2025-09-20T10:07:06.183+0000][7][safepoint   ] Safepoint "Cleanup", Time since last: 1195104098 ns, Reaching safepoint: 7083 ns, Cleanup: 25541 ns, At safepoint: 5832 ns, Total: 38456 ns
[2025-09-20T10:07:07.183+0000][7][safepoint   ] Safepoint "Cleanup", Time since last: 1000098830 ns, Reaching safepoint: 20471 ns, Cleanup: 59873 ns, At safepoint: 6794 ns, Total: 87138 ns
[2025-09-20T10:07:08.183+0000][7][safepoint   ] Safepoint "Cleanup", Time since last: 1000087723 ns, Reaching safepoint: 7306 ns, Cleanup: 17377 ns, At safepoint: 4619 ns, Total: 29302 ns
[2025-09-20T10:07:08.269+0000][7][gc,start    ] GC(14) Pause Young (Normal) (G1 Evacuation Pause)
[2025-09-20T10:07:08.269+0000][7][gc,task     ] GC(14) Using 8 workers of 8 for evacuation
[2025-09-20T10:07:08.269+0000][7][gc,age      ] GC(14) Desired survivor size 41943040 bytes, new threshold 4 (max threshold 15)
[2025-09-20T10:07:08.291+0000][7][gc,phases   ] GC(14)   Pre Evacuate Collection Set: 0.07ms
[2025-09-20T10:07:08.291+0000][7][gc,phases   ] GC(14)   Merge Heap Roots: 0.04ms
[2025-09-20T10:07:08.291+0000][7][gc,phases   ] GC(14)   Evacuate Collection Set: 20.12ms
[2025-09-20T10:07:08.291+0000][7][gc,phases   ] GC(14)   Post Evacuate Collection Set: 1.01ms
[2025-09-20T10:07:08.291+0000][7][gc,phases   ] GC(14)   Other: 0.05ms
[2025-09-20T10:07:08.291+0000][7][gc,age      ] GC(14) Age table with threshold 4 (max threshold 15)
[2025-09-20T10:07:08.291+0000][7][gc,age      ] GC(14) - age   1:    9477080 bytes,    9477080 total
[2025-09-20T10:07:08.291+0000][7][gc,age      ] GC(14) - age   2:   17032448 bytes,   26509528 total
[2025-09-20T10:07:08.291+0000][7][gc,age      ] GC(14) - age   3:   10742032 bytes,   37251560 total
[2025-09-20T10:07:08.291+0000][7][gc,age      ] GC(14) - age   4:      44008 bytes,   37295568 total
[2025-09-20T10:07:08.291+0000][7][gc,heap     ] GC(14) Eden regions: 137->0(142)
[2025-09-20T10:07:08.291+0000][7][gc,heap     ] GC(14) Survivor regions: 16->11(20)
[2025-09-20T10:07:08.291+0000][7][gc,heap     ] GC(14) Old regions: 5->12
[2025-09-20T10:07:08.291+0000][7][gc,heap     ] GC(14) Humongous regions: 2->2
[2025-09-20T10:07:08.291+0000][7][gc,metaspace] GC(14) Metaspace: 107419K(110144K)->107419K(110144K) NonClass: 92050K(93504K)->92050K(93504K) Class: 15369K(16640K)->15369K(16640K)
[2025-09-20T10:07:08.291+0000][7][gc          ] GC(14) Pause Young (Normal) (G1 Evacuation Pause) 635M->98M(1024M) 21.413ms
[2025-09-20T10:07:08.291+0000][7][gc,cpu      ] GC(14) User=0.13s Sys=0.00s Real=0.02s
[2025-09-20T10:07:08.291+0000][7][safepoint   ] Safepoint "G1CollectForAllocation", Time since last: 85937421 ns, Reaching safepoint: 71361 ns, Cleanup: 33007 ns, At safepoint: 21453677 ns, Total: 21558045 ns
[2025-09-20T10:07:09.291+0000][7][safepoint   ] Safepoint "Cleanup", Time since last: 1000077683 ns, Reaching safepoint: 6221 ns, Cleanup: 12305 ns, At safepoint: 3619 ns, Total: 22145 ns
[2025-09-20T10:07:10.291+0000][7][safepoint   ] Safepoint "Cleanup", Time since last: 1000205359 ns, Reaching safepoint: 8260 ns, Cleanup: 8766 ns, At safepoint: 5685 ns, Total: 22711 ns
[2025-09-20T10:07:11.291+0000][7][safepoint   ] Safepoint "Cleanup", Time since last: 1000132367 ns, Reaching safepoint: 7830 ns, Cleanup: 10312 ns, At safepoint: 4763 ns, Total: 22905 ns
[2025-09-20T10:07:16.292+0000][7][safepoint   ] Safepoint "Cleanup", Time since last: 5000360260 ns, Reaching safepoint: 6812 ns, Cleanup: 9251 ns, At safepoint: 4564 ns, Total: 20627 ns
[2025-09-20T10:07:17.292+0000][7][safepoint   ] Safepoint "Cleanup", Time since last: 1000165685 ns, Reaching safepoint: 16081 ns, Cleanup: 18375 ns, At safepoint: 15172 ns, Total: 49628 ns
[2025-09-20T10:07:18.292+0000][7][safepoint   ] Safepoint "Cleanup", Time since last: 1000181624 ns, Reaching safepoint: 29582 ns, Cleanup: 8897 ns, At safepoint: 4381 ns, Total: 42860 ns
[2025-09-20T10:07:20.292+0000][7][safepoint   ] Safepoint "Cleanup", Time since last: 2000155335 ns, Reaching safepoint: 6839 ns, Cleanup: 11082 ns, At safepoint: 4353 ns, Total: 22274 ns
[2025-09-20T10:07:27.293+0000][7][safepoint   ] Safepoint "Cleanup", Time since last: 7000608587 ns, Reaching safepoint: 6531 ns, Cleanup: 8839 ns, At safepoint: 4140 ns, Total: 19510 ns
[2025-09-20T10:07:30.293+0000][7][safepoint   ] Safepoint "Cleanup", Time since last: 3000250315 ns, Reaching safepoint: 6652 ns, Cleanup: 16047 ns, At safepoint: 3664 ns, Total: 26363 ns
[2025-09-20T10:07:32.293+0000][7][safepoint   ] Safepoint "Cleanup", Time since last: 2000154717 ns, Reaching safepoint: 6986 ns, Cleanup: 8982 ns, At safepoint: 13894 ns, Total: 29862 ns
[2025-09-20T10:07:34.294+0000][7][safepoint   ] Safepoint "Cleanup", Time since last: 2000153786 ns, Reaching safepoint: 6874 ns, Cleanup: 7083 ns, At safepoint: 4070 ns, Total: 18027 ns
[2025-09-20T10:07:38.294+0000][7][safepoint   ] Safepoint "Cleanup", Time since last: 4000402128 ns, Reaching safepoint: 26470 ns, Cleanup: 7904 ns, At safepoint: 4924 ns, Total: 39298 ns
[2025-09-20T10:07:40.294+0000][7][safepoint   ] Safepoint "Cleanup", Time since last: 2000156004 ns, Reaching safepoint: 7441 ns, Cleanup: 9532 ns, At safepoint: 5376 ns, Total: 22349 ns
[2025-09-20T10:07:44.295+0000][7][safepoint   ] Safepoint "Cleanup", Time since last: 4000420512 ns, Reaching safepoint: 8708 ns, Cleanup: 9088 ns, At safepoint: 4930 ns, Total: 22726 ns
[2025-09-20T10:07:45.295+0000][7][safepoint   ] Safepoint "Cleanup", Time since last: 1000105724 ns, Reaching safepoint: 33740 ns, Cleanup: 12176 ns, At safepoint: 6644 ns, Total: 52560 ns
[2025-09-20T10:07:48.412+0000][7][safepoint   ] Safepoint "Cleanup", Time since last: 3117257673 ns, Reaching safepoint: 5725 ns, Cleanup: 7955 ns, At safepoint: 2045 ns, Total: 15725 ns
[2025-09-20T10:07:51.412+0000][7][safepoint   ] Safepoint "Cleanup", Time since last: 3000256571 ns, Reaching safepoint: 7369 ns, Cleanup: 7841 ns, At safepoint: 5154 ns, Total: 20364 ns
[2025-09-20T10:07:52.412+0000][7][safepoint   ] Safepoint "Cleanup", Time since last: 1000106043 ns, Reaching safepoint: 15376 ns, Cleanup: 14629 ns, At safepoint: 8719 ns, Total: 38724 ns
[2025-09-20T10:07:53.415+0000][7][safepoint   ] Safepoint "Cleanup", Time since last: 1001926915 ns, Reaching safepoint: 13653 ns, Cleanup: 11919 ns, At safepoint: 399808 ns, Total: 425380 ns
[2025-09-20T10:07:55.415+0000][7][safepoint   ] Safepoint "Cleanup", Time since last: 2000353466 ns, Reaching safepoint: 9469 ns, Cleanup: 11083 ns, At safepoint: 4706 ns, Total: 25258 ns
[2025-09-20T10:07:57.415+0000][7][safepoint   ] Safepoint "Cleanup", Time since last: 2000176078 ns, Reaching safepoint: 15507 ns, Cleanup: 10733 ns, At safepoint: 6993 ns, Total: 33233 ns
[2025-09-20T10:07:59.417+0000][7][safepoint   ] Safepoint "Cleanup", Time since last: 2000178787 ns, Reaching safepoint: 12111 ns, Cleanup: 1270979 ns, At safepoint: 15140 ns, Total: 1298230 ns
[2025-09-20T10:08:00.417+0000][7][safepoint   ] Safepoint "Cleanup", Time since last: 1000124924 ns, Reaching safepoint: 10259 ns, Cleanup: 9998 ns, At safepoint: 5378 ns, Total: 25635 ns
[2025-09-20T10:08:01.417+0000][7][safepoint   ] Safepoint "Cleanup", Time since last: 1000094545 ns, Reaching safepoint: 6890 ns, Cleanup: 10993 ns, At safepoint: 5069 ns, Total: 22952 ns
[2025-09-20T10:08:03.417+0000][7][safepoint   ] Safepoint "Cleanup", Time since last: 2000178110 ns, Reaching safepoint: 14673 ns, Cleanup: 12840 ns, At safepoint: 8697 ns, Total: 36210 ns
[2025-09-20T10:08:05.418+0000][7][safepoint   ] Safepoint "Cleanup", Time since last: 2000183865 ns, Reaching safepoint: 10501 ns, Cleanup: 18869 ns, At safepoint: 6110 ns, Total: 35480 ns
[2025-09-20T10:08:06.899+0000][7][safepoint   ] Safepoint "Cleanup", Time since last: 1480981562 ns, Reaching safepoint: 2889 ns, Cleanup: 40705 ns, At safepoint: 1778 ns, Total: 45372 ns
[2025-09-20T10:08:07.123+0000][7][safepoint   ] Safepoint "ICBufferFull", Time since last: 224513184 ns, Reaching safepoint: 6785 ns, Cleanup: 68262 ns, At safepoint: 5199 ns, Total: 80246 ns
[2025-09-20T10:08:07.384+0000][7][safepoint   ] Safepoint "ICBufferFull", Time since last: 260833490 ns, Reaching safepoint: 6206 ns, Cleanup: 66748 ns, At safepoint: 4237 ns, Total: 77191 ns
[2025-09-20T10:08:07.703+0000][7][safepoint   ] Safepoint "ICBufferFull", Time since last: 319054082 ns, Reaching safepoint: 6524 ns, Cleanup: 62261 ns, At safepoint: 4576 ns, Total: 73361 ns
[2025-09-20T10:08:08.090+0000][7][safepoint   ] Safepoint "ICBufferFull", Time since last: 386235837 ns, Reaching safepoint: 5684 ns, Cleanup: 77800 ns, At safepoint: 5632 ns, Total: 89116 ns
[2025-09-20T10:08:08.483+0000][7][safepoint   ] Safepoint "ICBufferFull", Time since last: 392939412 ns, Reaching safepoint: 70725 ns, Cleanup: 65879 ns, At safepoint: 4915 ns, Total: 141519 ns
[2025-09-20T10:08:08.971+0000][7][safepoint   ] Safepoint "ICBufferFull", Time since last: 488140546 ns, Reaching safepoint: 9203 ns, Cleanup: 79755 ns, At safepoint: 4412 ns, Total: 93370 ns
[2025-09-20T10:08:09.069+0000][7][gc,start    ] GC(15) Pause Young (Normal) (G1 Evacuation Pause)
[2025-09-20T10:08:09.070+0000][7][gc,task     ] GC(15) Using 8 workers of 8 for evacuation
[2025-09-20T10:08:09.070+0000][7][gc,age      ] GC(15) Desired survivor size 41943040 bytes, new threshold 15 (max threshold 15)
[2025-09-20T10:08:09.084+0000][7][gc,phases   ] GC(15)   Pre Evacuate Collection Set: 0.11ms
[2025-09-20T10:08:09.084+0000][7][gc,phases   ] GC(15)   Merge Heap Roots: 0.08ms
[2025-09-20T10:08:09.084+0000][7][gc,phases   ] GC(15)   Evacuate Collection Set: 13.41ms
[2025-09-20T10:08:09.084+0000][7][gc,phases   ] GC(15)   Post Evacuate Collection Set: 1.08ms
[2025-09-20T10:08:09.084+0000][7][gc,phases   ] GC(15)   Other: 0.06ms
[2025-09-20T10:08:09.084+0000][7][gc,age      ] GC(15) Age table with threshold 15 (max threshold 15)
[2025-09-20T10:08:09.084+0000][7][gc,age      ] GC(15) - age   1:     841632 bytes,     841632 total
[2025-09-20T10:08:09.084+0000][7][gc,age      ] GC(15) - age   2:    9142264 bytes,    9983896 total
[2025-09-20T10:08:09.084+0000][7][gc,age      ] GC(15) - age   3:   17003496 bytes,   26987392 total
[2025-09-20T10:08:09.084+0000][7][gc,age      ] GC(15) - age   4:   10741960 bytes,   37729352 total
[2025-09-20T10:08:09.084+0000][7][gc,age      ] GC(15) - age   5:      44008 bytes,   37773360 total
[2025-09-20T10:08:09.084+0000][7][gc,heap     ] GC(15) Eden regions: 142->0(142)
[2025-09-20T10:08:09.084+0000][7][gc,heap     ] GC(15) Survivor regions: 11->11(20)
[2025-09-20T10:08:09.084+0000][7][gc,heap     ] GC(15) Old regions: 12->12
[2025-09-20T10:08:09.084+0000][7][gc,heap     ] GC(15) Humongous regions: 2->2
[2025-09-20T10:08:09.084+0000][7][gc,metaspace] GC(15) Metaspace: 109794K(112512K)->109794K(112512K) NonClass: 94293K(95744K)->94293K(95744K) Class: 15501K(16768K)->15501K(16768K)
[2025-09-20T10:08:09.084+0000][7][gc          ] GC(15) Pause Young (Normal) (G1 Evacuation Pause) 666M->96M(1024M) 14.875ms
[2025-09-20T10:08:09.084+0000][7][gc,cpu      ] GC(15) User=0.09s Sys=0.00s Real=0.01s
[2025-09-20T10:08:09.084+0000][7][safepoint   ] Safepoint "G1CollectForAllocation", Time since last: 98548250 ns, Reaching safepoint: 10568 ns, Cleanup: 28395 ns, At safepoint: 14915282 ns, Total: 14954245 ns
[2025-09-20T10:08:09.639+0000][7][safepoint   ] Safepoint "ICBufferFull", Time since last: 554576789 ns, Reaching safepoint: 11172 ns, Cleanup: 114886 ns, At safepoint: 8138 ns, Total: 134196 ns
[2025-09-20T10:08:10.230+0000][7][safepoint   ] Safepoint "ICBufferFull", Time since last: 591196713 ns, Reaching safepoint: 6249 ns, Cleanup: 71358 ns, At safepoint: 4839 ns, Total: 82446 ns
[2025-09-20T10:08:11.008+0000][7][safepoint   ] Safepoint "ICBufferFull", Time since last: 777115732 ns, Reaching safepoint: 15093 ns, Cleanup: 132406 ns, At safepoint: 8629 ns, Total: 156128 ns
[2025-09-20T10:08:11.091+0000][7][gc,start    ] GC(16) Pause Young (Normal) (G1 Evacuation Pause)
[2025-09-20T10:08:11.091+0000][7][gc,task     ] GC(16) Using 8 workers of 8 for evacuation
[2025-09-20T10:08:11.091+0000][7][gc,age      ] GC(16) Desired survivor size 41943040 bytes, new threshold 15 (max threshold 15)
[2025-09-20T10:08:11.108+0000][7][gc,phases   ] GC(16)   Pre Evacuate Collection Set: 0.17ms
[2025-09-20T10:08:11.108+0000][7][gc,phases   ] GC(16)   Merge Heap Roots: 0.07ms
[2025-09-20T10:08:11.108+0000][7][gc,phases   ] GC(16)   Evacuate Collection Set: 15.27ms
[2025-09-20T10:08:11.108+0000][7][gc,phases   ] GC(16)   Post Evacuate Collection Set: 1.20ms
[2025-09-20T10:08:11.108+0000][7][gc,phases   ] GC(16)   Other: 0.12ms
[2025-09-20T10:08:11.108+0000][7][gc,age      ] GC(16) Age table with threshold 15 (max threshold 15)
[2025-09-20T10:08:11.108+0000][7][gc,age      ] GC(16) - age   1:     266192 bytes,     266192 total
[2025-09-20T10:08:11.108+0000][7][gc,age      ] GC(16) - age   2:     623376 bytes,     889568 total
[2025-09-20T10:08:11.108+0000][7][gc,age      ] GC(16) - age   3:    9142176 bytes,   10031744 total
[2025-09-20T10:08:11.108+0000][7][gc,age      ] GC(16) - age   4:   17003496 bytes,   27035240 total
[2025-09-20T10:08:11.108+0000][7][gc,age      ] GC(16) - age   5:   10741960 bytes,   37777200 total
[2025-09-20T10:08:11.108+0000][7][gc,age      ] GC(16) - age   6:      44008 bytes,   37821208 total
[2025-09-20T10:08:11.108+0000][7][gc,heap     ] GC(16) Eden regions: 142->0(143)
[2025-09-20T10:08:11.108+0000][7][gc,heap     ] GC(16) Survivor regions: 11->10(20)
[2025-09-20T10:08:11.108+0000][7][gc,heap     ] GC(16) Old regions: 12->12
[2025-09-20T10:08:11.108+0000][7][gc,heap     ] GC(16) Humongous regions: 2->2
[2025-09-20T10:08:11.108+0000][7][gc,metaspace] GC(16) Metaspace: 110766K(113472K)->110766K(113472K) NonClass: 95262K(96704K)->95262K(96704K) Class: 15503K(16768K)->15503K(16768K)
[2025-09-20T10:08:11.108+0000][7][gc          ] GC(16) Pause Young (Normal) (G1 Evacuation Pause) 664M->94M(1024M) 17.021ms
[2025-09-20T10:08:11.108+0000][7][gc,cpu      ] GC(16) User=0.10s Sys=0.00s Real=0.01s
[2025-09-20T10:08:11.108+0000][7][safepoint   ] Safepoint "G1CollectForAllocation", Time since last: 83129750 ns, Reaching safepoint: 8098 ns, Cleanup: 19443 ns, At safepoint: 17079094 ns, Total: 17106635 ns
[2025-09-20T10:08:12.108+0000][7][safepoint   ] Safepoint "Cleanup", Time since last: 1000074743 ns, Reaching safepoint: 11609 ns, Cleanup: 16678 ns, At safepoint: 6111 ns, Total: 34398 ns
[2025-09-20T10:08:13.108+0000][7][safepoint   ] Safepoint "Cleanup", Time since last: 1000107273 ns, Reaching safepoint: 8645 ns, Cleanup: 43379 ns, At safepoint: 5315 ns, Total: 57339 ns
[2025-09-20T10:08:16.108+0000][7][safepoint   ] Safepoint "Cleanup", Time since last: 3000210755 ns, Reaching safepoint: 10130 ns, Cleanup: 47006 ns, At safepoint: 6993 ns, Total: 64129 ns
[2025-09-20T10:08:17.109+0000][7][safepoint   ] Safepoint "Cleanup", Time since last: 1000102744 ns, Reaching safepoint: 9071 ns, Cleanup: 60706 ns, At safepoint: 4867 ns, Total: 74644 ns
[2025-09-20T10:08:18.109+0000][7][safepoint   ] Safepoint "Cleanup", Time since last: 1000091697 ns, Reaching safepoint: 8615 ns, Cleanup: 34703 ns, At safepoint: 4121 ns, Total: 47439 ns
[2025-09-20T10:08:19.109+0000][7][safepoint   ] Safepoint "Cleanup", Time since last: 1000089316 ns, Reaching safepoint: 9596 ns, Cleanup: 18876 ns, At safepoint: 4632 ns, Total: 33104 ns
[2025-09-20T10:08:20.109+0000][7][safepoint   ] Safepoint "Cleanup", Time since last: 1000107945 ns, Reaching safepoint: 20244 ns, Cleanup: 63612 ns, At safepoint: 4934 ns, Total: 88790 ns
[2025-09-20T10:08:21.109+0000][7][safepoint   ] Safepoint "Cleanup", Time since last: 1000138578 ns, Reaching safepoint: 8779 ns, Cleanup: 9690 ns, At safepoint: 5001 ns, Total: 23470 ns
[2025-09-20T10:08:22.109+0000][7][safepoint   ] Safepoint "Cleanup", Time since last: 1000126220 ns, Reaching safepoint: 20519 ns, Cleanup: 40072 ns, At safepoint: 4863 ns, Total: 65454 ns
[2025-09-20T10:08:23.110+0000][7][safepoint   ] Safepoint "Cleanup", Time since last: 1000091982 ns, Reaching safepoint: 11250 ns, Cleanup: 56177 ns, At safepoint: 357985 ns, Total: 425412 ns
[2025-09-20T10:08:24.670+0000][7][safepoint   ] Safepoint "Cleanup", Time since last: 1560261497 ns, Reaching safepoint: 8938 ns, Cleanup: 33393 ns, At safepoint: 4855 ns, Total: 47186 ns
[2025-09-20T10:08:25.670+0000][7][safepoint   ] Safepoint "Cleanup", Time since last: 1000091298 ns, Reaching safepoint: 9576 ns, Cleanup: 37044 ns, At safepoint: 5174 ns, Total: 51794 ns
[2025-09-20T10:08:26.670+0000][7][safepoint   ] Safepoint "Cleanup", Time since last: 1000089844 ns, Reaching safepoint: 8438 ns, Cleanup: 27760 ns, At safepoint: 4967 ns, Total: 41165 ns
[2025-09-20T10:08:27.671+0000][7][safepoint   ] Safepoint "Cleanup", Time since last: 1000092931 ns, Reaching safepoint: 9047 ns, Cleanup: 27440 ns, At safepoint: 5054 ns, Total: 41541 ns
[2025-09-20T10:08:28.766+0000][7][safepoint   ] Safepoint "Cleanup", Time since last: 1095222713 ns, Reaching safepoint: 15443 ns, Cleanup: 116670 ns, At safepoint: 20676 ns, Total: 152789 ns
[2025-09-20T10:08:29.766+0000][7][safepoint   ] Safepoint "Cleanup", Time since last: 1000102997 ns, Reaching safepoint: 13961 ns, Cleanup: 36368 ns, At safepoint: 6698 ns, Total: 57027 ns
[2025-09-20T10:08:30.766+0000][7][safepoint   ] Safepoint "Cleanup", Time since last: 1000099411 ns, Reaching safepoint: 9155 ns, Cleanup: 14560 ns, At safepoint: 4486 ns, Total: 28201 ns
[2025-09-20T10:08:31.766+0000][7][safepoint   ] Safepoint "Cleanup", Time since last: 1000088713 ns, Reaching safepoint: 9455 ns, Cleanup: 24743 ns, At safepoint: 4793 ns, Total: 38991 ns
[2025-09-20T10:08:32.767+0000][7][safepoint   ] Safepoint "Cleanup", Time since last: 1000073095 ns, Reaching safepoint: 7569 ns, Cleanup: 23454 ns, At safepoint: 5093 ns, Total: 36116 ns
[2025-09-20T10:08:33.767+0000][7][safepoint   ] Safepoint "Cleanup", Time since last: 1000092062 ns, Reaching safepoint: 13084 ns, Cleanup: 23398 ns, At safepoint: 5990 ns, Total: 42472 ns
[2025-09-20T10:08:34.767+0000][7][safepoint   ] Safepoint "Cleanup", Time since last: 1000094304 ns, Reaching safepoint: 7510 ns, Cleanup: 12427 ns, At safepoint: 4547 ns, Total: 24484 ns
[2025-09-20T10:08:35.767+0000][7][safepoint   ] Safepoint "Cleanup", Time since last: 1000092423 ns, Reaching safepoint: 9475 ns, Cleanup: 14330 ns, At safepoint: 4109 ns, Total: 27914 ns
[2025-09-20T10:08:36.767+0000][7][safepoint   ] Safepoint "Cleanup", Time since last: 1000119864 ns, Reaching safepoint: 51797 ns, Cleanup: 34903 ns, At safepoint: 4942 ns, Total: 91642 ns
[2025-09-20T10:08:37.767+0000][7][safepoint   ] Safepoint "Cleanup", Time since last: 1000095032 ns, Reaching safepoint: 10042 ns, Cleanup: 38337 ns, At safepoint: 5463 ns, Total: 53842 ns
[2025-09-20T10:08:38.767+0000][7][safepoint   ] Safepoint "Cleanup", Time since last: 1000129596 ns, Reaching safepoint: 8117 ns, Cleanup: 15983 ns, At safepoint: 4859 ns, Total: 28959 ns
[2025-09-20T10:08:39.768+0000][7][safepoint   ] Safepoint "Cleanup", Time since last: 1000090967 ns, Reaching safepoint: 9511 ns, Cleanup: 21993 ns, At safepoint: 4427 ns, Total: 35931 ns
[2025-09-20T10:08:40.768+0000][7][safepoint   ] Safepoint "Cleanup", Time since last: 1000089037 ns, Reaching safepoint: 9378 ns, Cleanup: 15516 ns, At safepoint: 4356 ns, Total: 29250 ns
[2025-09-20T10:08:41.768+0000][7][safepoint   ] Safepoint "Cleanup", Time since last: 1000095627 ns, Reaching safepoint: 11367 ns, Cleanup: 29732 ns, At safepoint: 5057 ns, Total: 46156 ns
[2025-09-20T10:08:42.768+0000][7][safepoint   ] Safepoint "Cleanup", Time since last: 1000091156 ns, Reaching safepoint: 19706 ns, Cleanup: 10999 ns, At safepoint: 4740 ns, Total: 35445 ns
[2025-09-20T10:08:44.768+0000][7][safepoint   ] Safepoint "Cleanup", Time since last: 2000175159 ns, Reaching safepoint: 9270 ns, Cleanup: 30951 ns, At safepoint: 5161 ns, Total: 45382 ns
[2025-09-20T10:08:45.773+0000][7][safepoint   ] Safepoint "Cleanup", Time since last: 1000107395 ns, Reaching safepoint: 3170361 ns, Cleanup: 74368 ns, At safepoint: 1096428 ns, Total: 4341157 ns
[2025-09-20T10:08:46.882+0000][7][safepoint   ] Safepoint "ICBufferFull", Time since last: 1105054799 ns, Reaching safepoint: 13899 ns, Cleanup: 93595 ns, At safepoint: 4164126 ns, Total: 4271620 ns
[2025-09-20T10:08:47.878+0000][7][safepoint   ] Safepoint "ICBufferFull", Time since last: 995869152 ns, Reaching safepoint: 80709 ns, Cleanup: 114858 ns, At safepoint: 12217 ns, Total: 207784 ns
[2025-09-20T10:08:49.121+0000][7][safepoint   ] Safepoint "ICBufferFull", Time since last: 1242058032 ns, Reaching safepoint: 24748 ns, Cleanup: 145595 ns, At safepoint: 330435 ns, Total: 500778 ns
[2025-09-20T10:08:50.121+0000][7][safepoint   ] Safepoint "Cleanup", Time since last: 1000289105 ns, Reaching safepoint: 14570 ns, Cleanup: 92653 ns, At safepoint: 12876 ns, Total: 120099 ns
[2025-09-20T10:08:51.121+0000][7][safepoint   ] Safepoint "Cleanup", Time since last: 1000244846 ns, Reaching safepoint: 12326 ns, Cleanup: 77231 ns, At safepoint: 7301 ns, Total: 96858 ns
[2025-09-20T10:08:52.122+0000][7][safepoint   ] Safepoint "Cleanup", Time since last: 1000106865 ns, Reaching safepoint: 552006 ns, Cleanup: 83034 ns, At safepoint: 23447 ns, Total: 658487 ns
[2025-09-20T10:08:52.213+0000][7][gc,start    ] GC(17) Pause Young (Concurrent Start) (CodeCache GC Threshold)
[2025-09-20T10:08:52.214+0000][7][gc,task     ] GC(17) Using 8 workers of 8 for evacuation
[2025-09-20T10:08:52.214+0000][7][gc,age      ] GC(17) Desired survivor size 41943040 bytes, new threshold 15 (max threshold 15)
[2025-09-20T10:08:52.297+0000][7][gc,phases   ] GC(17)   Pre Evacuate Collection Set: 0.34ms
[2025-09-20T10:08:52.297+0000][7][gc,phases   ] GC(17)   Merge Heap Roots: 0.42ms
[2025-09-20T10:08:52.297+0000][7][gc,phases   ] GC(17)   Evacuate Collection Set: 77.36ms
[2025-09-20T10:08:52.297+0000][7][gc,phases   ] GC(17)   Post Evacuate Collection Set: 4.78ms
[2025-09-20T10:08:52.297+0000][7][gc,phases   ] GC(17)   Other: 0.49ms
[2025-09-20T10:08:52.297+0000][7][gc,age      ] GC(17) Age table with threshold 15 (max threshold 15)
[2025-09-20T10:08:52.297+0000][7][gc,age      ] GC(17) - age   1:    4134584 bytes,    4134584 total
[2025-09-20T10:08:52.297+0000][7][gc,age      ] GC(17) - age   2:      31288 bytes,    4165872 total
[2025-09-20T10:08:52.297+0000][7][gc,age      ] GC(17) - age   3:     603504 bytes,    4769376 total
[2025-09-20T10:08:52.297+0000][7][gc,age      ] GC(17) - age   4:    9141232 bytes,   13910608 total
[2025-09-20T10:08:52.297+0000][7][gc,age      ] GC(17) - age   5:   16999224 bytes,   30909832 total
[2025-09-20T10:08:52.297+0000][7][gc,age      ] GC(17) - age   6:   10741752 bytes,   41651584 total
[2025-09-20T10:08:52.297+0000][7][gc,age      ] GC(17) - age   7:      44008 bytes,   41695592 total
[2025-09-20T10:08:52.297+0000][7][gc,heap     ] GC(17) Eden regions: 128->0(142)
[2025-09-20T10:08:52.297+0000][7][gc,heap     ] GC(17) Survivor regions: 10->11(20)
[2025-09-20T10:08:52.297+0000][7][gc,heap     ] GC(17) Old regions: 12->12
[2025-09-20T10:08:52.297+0000][7][gc,heap     ] GC(17) Humongous regions: 2->2
[2025-09-20T10:08:52.297+0000][7][gc,metaspace] GC(17) Metaspace: 114860K(117760K)->114860K(117760K) NonClass: 99052K(100608K)->99052K(100608K) Class: 15807K(17152K)->15807K(17152K)
[2025-09-20T10:08:52.297+0000][7][gc          ] GC(17) Pause Young (Concurrent Start) (CodeCache GC Threshold) 606M->98M(1024M) 84.326ms
[2025-09-20T10:08:52.298+0000][7][gc,cpu      ] GC(17) User=0.10s Sys=0.01s Real=0.08s
[2025-09-20T10:08:52.298+0000][7][gc          ] GC(18) Concurrent Mark Cycle
[2025-09-20T10:08:52.298+0000][7][gc,marking  ] GC(18) Concurrent Scan Root Regions
[2025-09-20T10:08:52.298+0000][7][safepoint   ] Safepoint "G1TryInitiateConcMark", Time since last: 90716375 ns, Reaching safepoint: 263424 ns, Cleanup: 44816 ns, At safepoint: 84849333 ns, Total: 85157573 ns
[2025-09-20T10:08:52.335+0000][7][gc,marking  ] GC(18) Concurrent Scan Root Regions 37.752ms
[2025-09-20T10:08:52.335+0000][7][gc,marking  ] GC(18) Concurrent Mark
[2025-09-20T10:08:52.335+0000][7][gc,marking  ] GC(18) Concurrent Mark From Roots
[2025-09-20T10:08:52.335+0000][7][gc,task     ] GC(18) Using 2 workers of 2 for marking
[2025-09-20T10:08:52.453+0000][7][gc,marking  ] GC(18) Concurrent Mark From Roots 117.948ms
[2025-09-20T10:08:52.453+0000][7][gc,marking  ] GC(18) Concurrent Preclean
[2025-09-20T10:08:52.454+0000][7][gc,marking  ] GC(18) Concurrent Preclean 0.134ms
[2025-09-20T10:08:52.454+0000][7][gc,start    ] GC(18) Pause Remark
[2025-09-20T10:08:52.505+0000][7][gc          ] GC(18) Pause Remark 100M->100M(1024M) 51.806ms
[2025-09-20T10:08:52.506+0000][7][gc,cpu      ] GC(18) User=0.06s Sys=0.00s Real=0.05s
[2025-09-20T10:08:52.506+0000][7][safepoint   ] Safepoint "G1PauseRemark", Time since last: 155695395 ns, Reaching safepoint: 12993 ns, Cleanup: 10942 ns, At safepoint: 52063669 ns, Total: 52087604 ns
[2025-09-20T10:08:52.506+0000][7][gc,marking  ] GC(18) Concurrent Mark 170.315ms
[2025-09-20T10:08:52.506+0000][7][gc,marking  ] GC(18) Concurrent Rebuild Remembered Sets and Scrub Regions
[2025-09-20T10:08:52.559+0000][7][gc,marking  ] GC(18) Concurrent Rebuild Remembered Sets and Scrub Regions 52.904ms
[2025-09-20T10:08:52.561+0000][7][gc,start    ] GC(18) Pause Cleanup
[2025-09-20T10:08:52.561+0000][7][gc          ] GC(18) Pause Cleanup 101M->101M(1024M) 0.187ms
[2025-09-20T10:08:52.561+0000][7][gc,cpu      ] GC(18) User=0.00s Sys=0.00s Real=0.00s
[2025-09-20T10:08:52.561+0000][7][safepoint   ] Safepoint "G1PauseCleanup", Time since last: 55022474 ns, Reaching safepoint: 26572 ns, Cleanup: 29445 ns, At safepoint: 281179 ns, Total: 337196 ns
[2025-09-20T10:08:52.561+0000][7][gc,marking  ] GC(18) Concurrent Clear Claimed Marks
[2025-09-20T10:08:52.561+0000][7][gc,marking  ] GC(18) Concurrent Clear Claimed Marks 0.333ms
[2025-09-20T10:08:52.561+0000][7][gc,marking  ] GC(18) Concurrent Cleanup for Next Mark
[2025-09-20T10:08:52.563+0000][7][gc,marking  ] GC(18) Concurrent Cleanup for Next Mark 1.294ms
[2025-09-20T10:08:52.563+0000][7][gc          ] GC(18) Concurrent Mark Cycle 265.371ms
[2025-09-20T10:08:53.561+0000][7][safepoint   ] Safepoint "Cleanup", Time since last: 1000086921 ns, Reaching safepoint: 14264 ns, Cleanup: 89005 ns, At safepoint: 8796 ns, Total: 112065 ns
[2025-09-20T10:08:54.562+0000][7][safepoint   ] Safepoint "Cleanup", Time since last: 1000132454 ns, Reaching safepoint: 19834 ns, Cleanup: 102044 ns, At safepoint: 6540 ns, Total: 128418 ns
[2025-09-20T10:08:55.273+0000][7][safepoint   ] Safepoint "ICBufferFull", Time since last: 708734512 ns, Reaching safepoint: 2097202 ns, Cleanup: 122179 ns, At safepoint: 406241 ns, Total: 2625622 ns
[2025-09-20T10:08:56.273+0000][7][safepoint   ] Safepoint "Cleanup", Time since last: 1000127715 ns, Reaching safepoint: 14487 ns, Cleanup: 73355 ns, At safepoint: 7573 ns, Total: 95415 ns
[2025-09-20T10:08:57.274+0000][7][safepoint   ] Safepoint "Cleanup", Time since last: 1000783061 ns, Reaching safepoint: 83257 ns, Cleanup: 53025 ns, At safepoint: 57207 ns, Total: 193489 ns
[2025-09-20T10:08:58.277+0000][7][safepoint   ] Safepoint "Cleanup", Time since last: 1002429897 ns, Reaching safepoint: 9857 ns, Cleanup: 23226 ns, At safepoint: 82167 ns, Total: 115250 ns
[2025-09-20T10:08:59.277+0000][7][safepoint   ] Safepoint "Cleanup", Time since last: 1000597725 ns, Reaching safepoint: 14927 ns, Cleanup: 26089 ns, At safepoint: 8630 ns, Total: 49646 ns
[2025-09-20T10:09:00.322+0000][7][safepoint   ] Safepoint "Cleanup", Time since last: 1035952042 ns, Reaching safepoint: 8028652 ns, Cleanup: 69245 ns, At safepoint: 551265 ns, Total: 8649162 ns
[2025-09-20T10:09:01.322+0000][7][safepoint   ] Safepoint "Cleanup", Time since last: 1000107486 ns, Reaching safepoint: 15548 ns, Cleanup: 43678 ns, At safepoint: 9687 ns, Total: 68913 ns
[2025-09-20T10:09:01.772+0000][7][gc,start    ] GC(19) Pause Young (Normal) (G1 Evacuation Pause)
[2025-09-20T10:09:01.772+0000][7][gc,task     ] GC(19) Using 8 workers of 8 for evacuation
[2025-09-20T10:09:01.772+0000][7][gc,age      ] GC(19) Desired survivor size 41943040 bytes, new threshold 15 (max threshold 15)
[2025-09-20T10:09:01.795+0000][7][gc,phases   ] GC(19)   Pre Evacuate Collection Set: 0.31ms
[2025-09-20T10:09:01.795+0000][7][gc,phases   ] GC(19)   Merge Heap Roots: 0.10ms
[2025-09-20T10:09:01.795+0000][7][gc,phases   ] GC(19)   Evacuate Collection Set: 21.46ms
[2025-09-20T10:09:01.795+0000][7][gc,phases   ] GC(19)   Post Evacuate Collection Set: 1.25ms
[2025-09-20T10:09:01.795+0000][7][gc,phases   ] GC(19)   Other: 0.07ms
[2025-09-20T10:09:01.795+0000][7][gc,age      ] GC(19) Age table with threshold 15 (max threshold 15)
[2025-09-20T10:09:01.795+0000][7][gc,age      ] GC(19) - age   1:    4094712 bytes,    4094712 total
[2025-09-20T10:09:01.796+0000][7][gc,age      ] GC(19) - age   2:    1681096 bytes,    5775808 total
[2025-09-20T10:09:01.796+0000][7][gc,age      ] GC(19) - age   3:      31224 bytes,    5807032 total
[2025-09-20T10:09:01.796+0000][7][gc,age      ] GC(19) - age   4:     602696 bytes,    6409728 total
[2025-09-20T10:09:01.796+0000][7][gc,age      ] GC(19) - age   5:    9140928 bytes,   15550656 total
[2025-09-20T10:09:01.796+0000][7][gc,age      ] GC(19) - age   6:   16927024 bytes,   32477680 total
[2025-09-20T10:09:01.796+0000][7][gc,age      ] GC(19) - age   7:   10740664 bytes,   43218344 total
[2025-09-20T10:09:01.796+0000][7][gc,age      ] GC(19) - age   8:      44008 bytes,   43262352 total
[2025-09-20T10:09:01.796+0000][7][gc,heap     ] GC(19) Eden regions: 142->0(141)
[2025-09-20T10:09:01.796+0000][7][gc,heap     ] GC(19) Survivor regions: 11->12(20)
[2025-09-20T10:09:01.796+0000][7][gc,heap     ] GC(19) Old regions: 12->12
[2025-09-20T10:09:01.796+0000][7][gc,heap     ] GC(19) Humongous regions: 2->2
[2025-09-20T10:09:01.796+0000][7][gc,metaspace] GC(19) Metaspace: 115173K(118016K)->115173K(118016K) NonClass: 99360K(100864K)->99360K(100864K) Class: 15812K(17152K)->15812K(17152K)
[2025-09-20T10:09:01.796+0000][7][gc          ] GC(19) Pause Young (Normal) (G1 Evacuation Pause) 666M->101M(1024M) 23.490ms
[2025-09-20T10:09:01.796+0000][7][gc,cpu      ] GC(19) User=0.09s Sys=0.01s Real=0.02s
[2025-09-20T10:09:01.796+0000][7][safepoint   ] Safepoint "G1CollectForAllocation", Time since last: 449913470 ns, Reaching safepoint: 13139 ns, Cleanup: 34169 ns, At safepoint: 23547775 ns, Total: 23595083 ns
[2025-09-20T10:09:02.796+0000][7][safepoint   ] Safepoint "Cleanup", Time since last: 1000079715 ns, Reaching safepoint: 309188 ns, Cleanup: 28537 ns, At safepoint: 16060 ns, Total: 353785 ns
[2025-09-20T10:09:03.796+0000][7][safepoint   ] Safepoint "Cleanup", Time since last: 1000173367 ns, Reaching safepoint: 19734 ns, Cleanup: 87859 ns, At safepoint: 10835 ns, Total: 118428 ns
[2025-09-20T10:09:04.797+0000][7][safepoint   ] Safepoint "Cleanup", Time since last: 1000149638 ns, Reaching safepoint: 19583 ns, Cleanup: 93131 ns, At safepoint: 13816 ns, Total: 126530 ns
[2025-09-20T10:09:05.797+0000][7][safepoint   ] Safepoint "Cleanup", Time since last: 1000138369 ns, Reaching safepoint: 12226 ns, Cleanup: 46063 ns, At safepoint: 5584 ns, Total: 63873 ns
[2025-09-20T10:09:06.797+0000][7][safepoint   ] Safepoint "Cleanup", Time since last: 1000116191 ns, Reaching safepoint: 64984 ns, Cleanup: 44963 ns, At safepoint: 21124 ns, Total: 131071 ns
[2025-09-20T10:09:07.797+0000][7][safepoint   ] Safepoint "Cleanup", Time since last: 1000103985 ns, Reaching safepoint: 98580 ns, Cleanup: 37453 ns, At safepoint: 6080 ns, Total: 142113 ns
[2025-09-20T10:09:08.799+0000][7][safepoint   ] Safepoint "Cleanup", Time since last: 1000540051 ns, Reaching safepoint: 1157619 ns, Cleanup: 33519 ns, At safepoint: 39875 ns, Total: 1231013 ns
[2025-09-20T10:09:09.712+0000][7][gc,start    ] GC(20) Pause Young (Normal) (G1 Evacuation Pause)
[2025-09-20T10:09:09.712+0000][7][gc,task     ] GC(20) Using 8 workers of 8 for evacuation
[2025-09-20T10:09:09.713+0000][7][gc,age      ] GC(20) Desired survivor size 41943040 bytes, new threshold 7 (max threshold 15)
[2025-09-20T10:09:09.746+0000][7][gc,phases   ] GC(20)   Pre Evacuate Collection Set: 0.21ms
[2025-09-20T10:09:09.746+0000][7][gc,phases   ] GC(20)   Merge Heap Roots: 0.09ms
[2025-09-20T10:09:09.746+0000][7][gc,phases   ] GC(20)   Evacuate Collection Set: 29.76ms
[2025-09-20T10:09:09.746+0000][7][gc,phases   ] GC(20)   Post Evacuate Collection Set: 3.00ms
[2025-09-20T10:09:09.746+0000][7][gc,phases   ] GC(20)   Other: 0.10ms
[2025-09-20T10:09:09.746+0000][7][gc,age      ] GC(20) Age table with threshold 7 (max threshold 15)
[2025-09-20T10:09:09.746+0000][7][gc,age      ] GC(20) - age   1:    3355432 bytes,    3355432 total
[2025-09-20T10:09:09.746+0000][7][gc,age      ] GC(20) - age   2:    2116712 bytes,    5472144 total
[2025-09-20T10:09:09.746+0000][7][gc,age      ] GC(20) - age   3:    1669368 bytes,    7141512 total
[2025-09-20T10:09:09.746+0000][7][gc,age      ] GC(20) - age   4:      31224 bytes,    7172736 total
[2025-09-20T10:09:09.746+0000][7][gc,age      ] GC(20) - age   5:     602696 bytes,    7775432 total
[2025-09-20T10:09:09.746+0000][7][gc,age      ] GC(20) - age   6:    9140760 bytes,   16916192 total
[2025-09-20T10:09:09.746+0000][7][gc,age      ] GC(20) - age   7:   16927024 bytes,   33843216 total
[2025-09-20T10:09:09.746+0000][7][gc,heap     ] GC(20) Eden regions: 141->0(143)
[2025-09-20T10:09:09.746+0000][7][gc,heap     ] GC(20) Survivor regions: 12->10(20)
[2025-09-20T10:09:09.746+0000][7][gc,heap     ] GC(20) Old regions: 12->15
[2025-09-20T10:09:09.746+0000][7][gc,heap     ] GC(20) Humongous regions: 2->2
[2025-09-20T10:09:09.746+0000][7][gc,metaspace] GC(20) Metaspace: 115493K(118336K)->115493K(118336K) NonClass: 99675K(101184K)->99675K(101184K) Class: 15817K(17152K)->15817K(17152K)
[2025-09-20T10:09:09.746+0000][7][gc          ] GC(20) Pause Young (Normal) (G1 Evacuation Pause) 665M->103M(1024M) 33.408ms
[2025-09-20T10:09:09.746+0000][7][gc,cpu      ] GC(20) User=0.10s Sys=0.00s Real=0.03s
[2025-09-20T10:09:09.746+0000][7][safepoint   ] Safepoint "G1CollectForAllocation", Time since last: 912531868 ns, Reaching safepoint: 420482 ns, Cleanup: 365995 ns, At safepoint: 33497434 ns, Total: 34283911 ns
[2025-09-20T10:09:10.746+0000][7][safepoint   ] Safepoint "Cleanup", Time since last: 1000037223 ns, Reaching safepoint: 11029 ns, Cleanup: 23125 ns, At safepoint: 4603 ns, Total: 38757 ns
[2025-09-20T10:09:11.746+0000][7][safepoint   ] Safepoint "Cleanup", Time since last: 1000093109 ns, Reaching safepoint: 9932 ns, Cleanup: 25667 ns, At safepoint: 7565 ns, Total: 43164 ns
[2025-09-20T10:09:12.746+0000][7][safepoint   ] Safepoint "Cleanup", Time since last: 1000094972 ns, Reaching safepoint: 8955 ns, Cleanup: 16255 ns, At safepoint: 4154 ns, Total: 29364 ns
[2025-09-20T10:09:13.746+0000][7][safepoint   ] Safepoint "Cleanup", Time since last: 1000091439 ns, Reaching safepoint: 12456 ns, Cleanup: 27669 ns, At safepoint: 5796 ns, Total: 45921 ns
[2025-09-20T10:09:14.746+0000][7][safepoint   ] Safepoint "Cleanup", Time since last: 1000108966 ns, Reaching safepoint: 12548 ns, Cleanup: 21759 ns, At safepoint: 5861 ns, Total: 40168 ns
[2025-09-20T10:09:15.748+0000][7][safepoint   ] Safepoint "Cleanup", Time since last: 1001095016 ns, Reaching safepoint: 16654 ns, Cleanup: 111353 ns, At safepoint: 183267 ns, Total: 311274 ns
[2025-09-20T10:09:16.749+0000][7][safepoint   ] Safepoint "Cleanup", Time since last: 1000168084 ns, Reaching safepoint: 83942 ns, Cleanup: 22451 ns, At safepoint: 345896 ns, Total: 452289 ns
[2025-09-20T10:09:17.227+0000][7][gc,start    ] GC(21) Pause Young (Normal) (G1 Evacuation Pause)
[2025-09-20T10:09:17.227+0000][7][gc,task     ] GC(21) Using 8 workers of 8 for evacuation
[2025-09-20T10:09:17.227+0000][7][gc,age      ] GC(21) Desired survivor size 41943040 bytes, new threshold 15 (max threshold 15)
[2025-09-20T10:09:17.250+0000][7][gc,phases   ] GC(21)   Pre Evacuate Collection Set: 0.16ms
[2025-09-20T10:09:17.250+0000][7][gc,phases   ] GC(21)   Merge Heap Roots: 0.10ms
[2025-09-20T10:09:17.250+0000][7][gc,phases   ] GC(21)   Evacuate Collection Set: 18.80ms
[2025-09-20T10:09:17.250+0000][7][gc,phases   ] GC(21)   Post Evacuate Collection Set: 4.44ms
[2025-09-20T10:09:17.250+0000][7][gc,phases   ] GC(21)   Other: 0.06ms
[2025-09-20T10:09:17.250+0000][7][gc,age      ] GC(21) Age table with threshold 15 (max threshold 15)
[2025-09-20T10:09:17.250+0000][7][gc,age      ] GC(21) - age   1:    2739960 bytes,    2739960 total
[2025-09-20T10:09:17.250+0000][7][gc,age      ] GC(21) - age   2:    1312848 bytes,    4052808 total
[2025-09-20T10:09:17.250+0000][7][gc,age      ] GC(21) - age   3:    1891928 bytes,    5944736 total
[2025-09-20T10:09:17.250+0000][7][gc,age      ] GC(21) - age   4:    1661800 bytes,    7606536 total
[2025-09-20T10:09:17.250+0000][7][gc,age      ] GC(21) - age   5:      31224 bytes,    7637760 total
[2025-09-20T10:09:17.250+0000][7][gc,age      ] GC(21) - age   6:     602696 bytes,    8240456 total
[2025-09-20T10:09:17.250+0000][7][gc,age      ] GC(21) - age   7:    9140544 bytes,   17381000 total
[2025-09-20T10:09:17.250+0000][7][gc,age      ] GC(21) - age   8:   16927024 bytes,   34308024 total
[2025-09-20T10:09:17.250+0000][7][gc,heap     ] GC(21) Eden regions: 143->0(143)
[2025-09-20T10:09:17.250+0000][7][gc,heap     ] GC(21) Survivor regions: 10->10(20)
[2025-09-20T10:09:17.250+0000][7][gc,heap     ] GC(21) Old regions: 15->15
[2025-09-20T10:09:17.250+0000][7][gc,heap     ] GC(21) Humongous regions: 2->2
[2025-09-20T10:09:17.250+0000][7][gc,metaspace] GC(21) Metaspace: 115645K(118464K)->115645K(118464K) NonClass: 99824K(101312K)->99824K(101312K) Class: 15820K(17152K)->15820K(17152K)
[2025-09-20T10:09:17.250+0000][7][gc          ] GC(21) Pause Young (Normal) (G1 Evacuation Pause) 675M->102M(1024M) 23.759ms
[2025-09-20T10:09:17.250+0000][7][gc,cpu      ] GC(21) User=0.09s Sys=0.01s Real=0.03s
[2025-09-20T10:09:17.251+0000][7][safepoint   ] Safepoint "G1CollectForAllocation", Time since last: 477973480 ns, Reaching safepoint: 14563 ns, Cleanup: 23749 ns, At safepoint: 24291428 ns, Total: 24329740 ns
[2025-09-20T10:09:18.251+0000][7][safepoint   ] Safepoint "Cleanup", Time since last: 1000093337 ns, Reaching safepoint: 83781 ns, Cleanup: 47944 ns, At safepoint: 80695 ns, Total: 212420 ns
[2025-09-20T10:09:19.252+0000][7][safepoint   ] Safepoint "Cleanup", Time since last: 1000114092 ns, Reaching safepoint: 88635 ns, Cleanup: 23649 ns, At safepoint: 655879 ns, Total: 768163 ns
[2025-09-20T10:09:20.252+0000][7][safepoint   ] Safepoint "Cleanup", Time since last: 1000123962 ns, Reaching safepoint: 100604 ns, Cleanup: 55044 ns, At safepoint: 9060 ns, Total: 164708 ns
[2025-09-20T10:09:21.255+0000][7][safepoint   ] Safepoint "Cleanup", Time since last: 1001480330 ns, Reaching safepoint: 820293 ns, Cleanup: 25431 ns, At safepoint: 30107 ns, Total: 875831 ns
[2025-09-20T10:09:22.255+0000][7][safepoint   ] Safepoint "Cleanup", Time since last: 1000108541 ns, Reaching safepoint: 8365 ns, Cleanup: 9275 ns, At safepoint: 3477 ns, Total: 21117 ns
[2025-09-20T10:09:23.255+0000][7][safepoint   ] Safepoint "Cleanup", Time since last: 1000092959 ns, Reaching safepoint: 26407 ns, Cleanup: 15685 ns, At safepoint: 8403 ns, Total: 50495 ns
[2025-09-20T10:09:24.255+0000][7][safepoint   ] Safepoint "Cleanup", Time since last: 1000262523 ns, Reaching safepoint: 13068 ns, Cleanup: 33782 ns, At safepoint: 6261 ns, Total: 53111 ns
[2025-09-20T10:09:25.255+0000][7][safepoint   ] Safepoint "Cleanup", Time since last: 1000105646 ns, Reaching safepoint: 9480 ns, Cleanup: 23331 ns, At safepoint: 4777 ns, Total: 37588 ns
[2025-09-20T10:09:26.217+0000][7][gc,start    ] GC(22) Pause Young (Normal) (G1 Evacuation Pause)
[2025-09-20T10:09:26.217+0000][7][gc,task     ] GC(22) Using 8 workers of 8 for evacuation
[2025-09-20T10:09:26.217+0000][7][gc,age      ] GC(22) Desired survivor size 41943040 bytes, new threshold 15 (max threshold 15)
[2025-09-20T10:09:26.228+0000][7][gc,phases   ] GC(22)   Pre Evacuate Collection Set: 0.09ms
[2025-09-20T10:09:26.228+0000][7][gc,phases   ] GC(22)   Merge Heap Roots: 0.04ms
[2025-09-20T10:09:26.228+0000][7][gc,phases   ] GC(22)   Evacuate Collection Set: 9.63ms
[2025-09-20T10:09:26.228+0000][7][gc,phases   ] GC(22)   Post Evacuate Collection Set: 0.93ms
[2025-09-20T10:09:26.228+0000][7][gc,phases   ] GC(22)   Other: 0.04ms
[2025-09-20T10:09:26.228+0000][7][gc,age      ] GC(22) Age table with threshold 15 (max threshold 15)
[2025-09-20T10:09:26.228+0000][7][gc,age      ] GC(22) - age   1:    2215200 bytes,    2215200 total
[2025-09-20T10:09:26.228+0000][7][gc,age      ] GC(22) - age   2:    1509304 bytes,    3724504 total
[2025-09-20T10:09:26.228+0000][7][gc,age      ] GC(22) - age   3:    1206272 bytes,    4930776 total
[2025-09-20T10:09:26.228+0000][7][gc,age      ] GC(22) - age   4:    1889160 bytes,    6819936 total
[2025-09-20T10:09:26.228+0000][7][gc,age      ] GC(22) - age   5:    1661048 bytes,    8480984 total
[2025-09-20T10:09:26.228+0000][7][gc,age      ] GC(22) - age   6:      31224 bytes,    8512208 total
[2025-09-20T10:09:26.228+0000][7][gc,age      ] GC(22) - age   7:     602696 bytes,    9114904 total
[2025-09-20T10:09:26.228+0000][7][gc,age      ] GC(22) - age   8:    9140544 bytes,   18255448 total
[2025-09-20T10:09:26.228+0000][7][gc,age      ] GC(22) - age   9:   16927024 bytes,   35182472 total
[2025-09-20T10:09:26.228+0000][7][gc,heap     ] GC(22) Eden regions: 143->0(143)
[2025-09-20T10:09:26.228+0000][7][gc,heap     ] GC(22) Survivor regions: 10->10(20)
[2025-09-20T10:09:26.228+0000][7][gc,heap     ] GC(22) Old regions: 15->15
[2025-09-20T10:09:26.228+0000][7][gc,heap     ] GC(22) Humongous regions: 2->2
[2025-09-20T10:09:26.228+0000][7][gc,metaspace] GC(22) Metaspace: 115817K(118720K)->115817K(118720K) NonClass: 99992K(101504K)->99992K(101504K) Class: 15825K(17216K)->15825K(17216K)
[2025-09-20T10:09:26.228+0000][7][gc          ] GC(22) Pause Young (Normal) (G1 Evacuation Pause) 674M->104M(1024M) 10.864ms
[2025-09-20T10:09:26.228+0000][7][gc,cpu      ] GC(22) User=0.06s Sys=0.00s Real=0.01s
[2025-09-20T10:09:26.228+0000][7][safepoint   ] Safepoint "G1CollectForAllocation", Time since last: 961993255 ns, Reaching safepoint: 7790 ns, Cleanup: 27323 ns, At safepoint: 10911244 ns, Total: 10946357 ns
[2025-09-20T10:09:27.228+0000][7][safepoint   ] Safepoint "Cleanup", Time since last: 1000068688 ns, Reaching safepoint: 8100 ns, Cleanup: 18935 ns, At safepoint: 4895 ns, Total: 31930 ns
[2025-09-20T10:09:28.229+0000][7][safepoint   ] Safepoint "Cleanup", Time since last: 1000092573 ns, Reaching safepoint: 10085 ns, Cleanup: 7384 ns, At safepoint: 4743 ns, Total: 22212 ns
[2025-09-20T10:09:29.229+0000][7][safepoint   ] Safepoint "Cleanup", Time since last: 1000097232 ns, Reaching safepoint: 8980 ns, Cleanup: 16487 ns, At safepoint: 5002 ns, Total: 30469 ns
[2025-09-20T10:09:30.229+0000][7][safepoint   ] Safepoint "Cleanup", Time since last: 1000099361 ns, Reaching safepoint: 79687 ns, Cleanup: 11964 ns, At safepoint: 9562 ns, Total: 101213 ns
[2025-09-20T10:09:31.229+0000][7][safepoint   ] Safepoint "Cleanup", Time since last: 1000094460 ns, Reaching safepoint: 10486 ns, Cleanup: 49056 ns, At safepoint: 4931 ns, Total: 64473 ns
[2025-09-20T10:09:32.229+0000][7][safepoint   ] Safepoint "Cleanup", Time since last: 1000056752 ns, Reaching safepoint: 10025 ns, Cleanup: 8431 ns, At safepoint: 5199 ns, Total: 23655 ns
[2025-09-20T10:09:34.229+0000][7][safepoint   ] Safepoint "Cleanup", Time since last: 2000152189 ns, Reaching safepoint: 8648 ns, Cleanup: 7400 ns, At safepoint: 4132 ns, Total: 20180 ns
[2025-09-20T10:09:35.229+0000][7][safepoint   ] Safepoint "Cleanup", Time since last: 1000086267 ns, Reaching safepoint: 8812 ns, Cleanup: 7061 ns, At safepoint: 4513 ns, Total: 20386 ns
[2025-09-20T10:09:36.230+0000][7][safepoint   ] Safepoint "Cleanup", Time since last: 1000250510 ns, Reaching safepoint: 21920 ns, Cleanup: 29959 ns, At safepoint: 15866 ns, Total: 67745 ns
[2025-09-20T10:09:37.230+0000][7][safepoint   ] Safepoint "Cleanup", Time since last: 1000123130 ns, Reaching safepoint: 25464 ns, Cleanup: 24777 ns, At safepoint: 19921 ns, Total: 70162 ns
[2025-09-20T10:09:38.230+0000][7][safepoint   ] Safepoint "Cleanup", Time since last: 1000136899 ns, Reaching safepoint: 17492 ns, Cleanup: 13744 ns, At safepoint: 6224 ns, Total: 37460 ns
[2025-09-20T10:09:39.230+0000][7][safepoint   ] Safepoint "Cleanup", Time since last: 1000119084 ns, Reaching safepoint: 8089 ns, Cleanup: 7947 ns, At safepoint: 4050 ns, Total: 20086 ns
[2025-09-20T10:09:40.230+0000][7][safepoint   ] Safepoint "Cleanup", Time since last: 1000081412 ns, Reaching safepoint: 9237 ns, Cleanup: 21034 ns, At safepoint: 4351 ns, Total: 34622 ns
[2025-09-20T10:09:42.231+0000][7][safepoint   ] Safepoint "Cleanup", Time since last: 2000202897 ns, Reaching safepoint: 8670 ns, Cleanup: 11149 ns, At safepoint: 3168 ns, Total: 22987 ns
[2025-09-20T10:09:43.231+0000][7][safepoint   ] Safepoint "Cleanup", Time since last: 1000117788 ns, Reaching safepoint: 22733 ns, Cleanup: 20520 ns, At safepoint: 16026 ns, Total: 59279 ns
[2025-09-20T10:09:46.231+0000][7][safepoint   ] Safepoint "Cleanup", Time since last: 3000346594 ns, Reaching safepoint: 8073 ns, Cleanup: 5765 ns, At safepoint: 2912 ns, Total: 16750 ns
[2025-09-20T10:09:47.322+0000][7][gc,start    ] GC(23) Pause Young (Normal) (G1 Evacuation Pause)
[2025-09-20T10:09:47.322+0000][7][gc,task     ] GC(23) Using 8 workers of 8 for evacuation
[2025-09-20T10:09:47.322+0000][7][gc,age      ] GC(23) Desired survivor size 41943040 bytes, new threshold 15 (max threshold 15)
[2025-09-20T10:09:47.333+0000][7][gc,phases   ] GC(23)   Pre Evacuate Collection Set: 0.08ms
[2025-09-20T10:09:47.333+0000][7][gc,phases   ] GC(23)   Merge Heap Roots: 0.05ms
[2025-09-20T10:09:47.333+0000][7][gc,phases   ] GC(23)   Evacuate Collection Set: 9.99ms
[2025-09-20T10:09:47.333+0000][7][gc,phases   ] GC(23)   Post Evacuate Collection Set: 0.91ms
[2025-09-20T10:09:47.333+0000][7][gc,phases   ] GC(23)   Other: 0.05ms
[2025-09-20T10:09:47.333+0000][7][gc,age      ] GC(23) Age table with threshold 15 (max threshold 15)
[2025-09-20T10:09:47.333+0000][7][gc,age      ] GC(23) - age   1:    2467272 bytes,    2467272 total
[2025-09-20T10:09:47.333+0000][7][gc,age      ] GC(23) - age   2:    1208456 bytes,    3675728 total
[2025-09-20T10:09:47.333+0000][7][gc,age      ] GC(23) - age   3:    1388944 bytes,    5064672 total
[2025-09-20T10:09:47.333+0000][7][gc,age      ] GC(23) - age   4:    1196848 bytes,    6261520 total
[2025-09-20T10:09:47.333+0000][7][gc,age      ] GC(23) - age   5:    1885552 bytes,    8147072 total
[2025-09-20T10:09:47.333+0000][7][gc,age      ] GC(23) - age   6:    1660264 bytes,    9807336 total
[2025-09-20T10:09:47.333+0000][7][gc,age      ] GC(23) - age   7:      31224 bytes,    9838560 total
[2025-09-20T10:09:47.333+0000][7][gc,age      ] GC(23) - age   8:     602696 bytes,   10441256 total
[2025-09-20T10:09:47.333+0000][7][gc,age      ] GC(23) - age   9:    9140320 bytes,   19581576 total
[2025-09-20T10:09:47.333+0000][7][gc,age      ] GC(23) - age  10:   16927024 bytes,   36508600 total
[2025-09-20T10:09:47.333+0000][7][gc,heap     ] GC(23) Eden regions: 143->0(143)
[2025-09-20T10:09:47.333+0000][7][gc,heap     ] GC(23) Survivor regions: 10->10(20)
[2025-09-20T10:09:47.333+0000][7][gc,heap     ] GC(23) Old regions: 15->15
[2025-09-20T10:09:47.333+0000][7][gc,heap     ] GC(23) Humongous regions: 2->2
[2025-09-20T10:09:47.333+0000][7][gc,metaspace] GC(23) Metaspace: 115940K(118848K)->115940K(118848K) NonClass: 100112K(101632K)->100112K(101632K) Class: 15827K(17216K)->15827K(17216K)
[2025-09-20T10:09:47.333+0000][7][gc          ] GC(23) Pause Young (Normal) (G1 Evacuation Pause) 676M->103M(1024M) 11.195ms
[2025-09-20T10:09:47.333+0000][7][gc,cpu      ] GC(23) User=0.07s Sys=0.00s Real=0.01s
[2025-09-20T10:09:47.333+0000][7][safepoint   ] Safepoint "G1CollectForAllocation", Time since last: 1090925657 ns, Reaching safepoint: 9501 ns, Cleanup: 6257 ns, At safepoint: 11237304 ns, Total: 11253062 ns
[2025-09-20T10:09:48.333+0000][7][safepoint   ] Safepoint "Cleanup", Time since last: 1000071425 ns, Reaching safepoint: 14791 ns, Cleanup: 13521 ns, At safepoint: 6104 ns, Total: 34416 ns
[2025-09-20T10:09:49.575+0000][7][safepoint   ] Safepoint "Cleanup", Time since last: 1241671300 ns, Reaching safepoint: 8282 ns, Cleanup: 4983 ns, At safepoint: 4042 ns, Total: 17307 ns
[2025-09-20T10:09:50.575+0000][7][safepoint   ] Safepoint "Cleanup", Time since last: 1000098692 ns, Reaching safepoint: 14902 ns, Cleanup: 14926 ns, At safepoint: 5474 ns, Total: 35302 ns
[2025-09-20T10:09:53.575+0000][7][safepoint   ] Safepoint "Cleanup", Time since last: 3000249362 ns, Reaching safepoint: 20204 ns, Cleanup: 11839 ns, At safepoint: 8738 ns, Total: 40781 ns
[2025-09-20T10:09:55.576+0000][7][safepoint   ] Safepoint "Cleanup", Time since last: 2000208511 ns, Reaching safepoint: 23697 ns, Cleanup: 36824 ns, At safepoint: 14833 ns, Total: 75354 ns
[2025-09-20T10:09:56.576+0000][7][safepoint   ] Safepoint "Cleanup", Time since last: 1000151521 ns, Reaching safepoint: 10685 ns, Cleanup: 33364 ns, At safepoint: 4262 ns, Total: 48311 ns
[2025-09-20T10:09:57.576+0000][7][safepoint   ] Safepoint "Cleanup", Time since last: 1000095858 ns, Reaching safepoint: 12627 ns, Cleanup: 14920 ns, At safepoint: 6874 ns, Total: 34421 ns
[2025-09-20T10:09:58.576+0000][7][safepoint   ] Safepoint "Cleanup", Time since last: 1000097444 ns, Reaching safepoint: 10752 ns, Cleanup: 14676 ns, At safepoint: 2880 ns, Total: 28308 ns
[2025-09-20T10:09:59.576+0000][7][safepoint   ] Safepoint "Cleanup", Time since last: 1000099619 ns, Reaching safepoint: 10140 ns, Cleanup: 10759 ns, At safepoint: 5281 ns, Total: 26180 ns
[2025-09-20T10:10:00.577+0000][7][safepoint   ] Safepoint "Cleanup", Time since last: 1000130958 ns, Reaching safepoint: 22487 ns, Cleanup: 28247 ns, At safepoint: 24975 ns, Total: 75709 ns
[2025-09-20T10:10:02.577+0000][7][safepoint   ] Safepoint "Cleanup", Time since last: 2000162697 ns, Reaching safepoint: 12781 ns, Cleanup: 11220 ns, At safepoint: 5405 ns, Total: 29406 ns
[2025-09-20T10:10:03.577+0000][7][safepoint   ] Safepoint "Cleanup", Time since last: 1000105456 ns, Reaching safepoint: 13162 ns, Cleanup: 9625 ns, At safepoint: 13021 ns, Total: 35808 ns
[2025-09-20T10:10:04.577+0000][7][safepoint   ] Safepoint "Cleanup", Time since last: 1000098101 ns, Reaching safepoint: 13586 ns, Cleanup: 19834 ns, At safepoint: 8252 ns, Total: 41672 ns
[2025-09-20T10:10:05.577+0000][7][safepoint   ] Safepoint "Cleanup", Time since last: 1000106234 ns, Reaching safepoint: 9885 ns, Cleanup: 10570 ns, At safepoint: 4757 ns, Total: 25212 ns
[2025-09-20T10:10:06.577+0000][7][safepoint   ] Safepoint "Cleanup", Time since last: 1000089823 ns, Reaching safepoint: 8625 ns, Cleanup: 8951 ns, At safepoint: 4436 ns, Total: 22012 ns
[2025-09-20T10:10:07.577+0000][7][safepoint   ] Safepoint "Cleanup", Time since last: 1000120099 ns, Reaching safepoint: 33540 ns, Cleanup: 8976 ns, At safepoint: 4487 ns, Total: 47003 ns
[2025-09-20T10:10:08.578+0000][7][safepoint   ] Safepoint "Cleanup", Time since last: 1000098943 ns, Reaching safepoint: 13537 ns, Cleanup: 8608 ns, At safepoint: 5248 ns, Total: 27393 ns
[2025-09-20T10:10:11.578+0000][7][safepoint   ] Safepoint "Cleanup", Time since last: 3000237112 ns, Reaching safepoint: 22525 ns, Cleanup: 20255 ns, At safepoint: 10276 ns, Total: 53056 ns
[2025-09-20T10:10:12.578+0000][7][safepoint   ] Safepoint "Cleanup", Time since last: 1000147507 ns, Reaching safepoint: 10043 ns, Cleanup: 8622 ns, At safepoint: 4731 ns, Total: 23396 ns
[2025-09-20T10:10:13.578+0000][7][safepoint   ] Safepoint "Cleanup", Time since last: 1000090656 ns, Reaching safepoint: 9854 ns, Cleanup: 9686 ns, At safepoint: 4969 ns, Total: 24509 ns
[2025-09-20T10:10:14.578+0000][7][safepoint   ] Safepoint "Cleanup", Time since last: 1000099143 ns, Reaching safepoint: 14081 ns, Cleanup: 16722 ns, At safepoint: 6774 ns, Total: 37577 ns
[2025-09-20T10:10:15.578+0000][7][safepoint   ] Safepoint "Cleanup", Time since last: 1000093613 ns, Reaching safepoint: 9507 ns, Cleanup: 28212 ns, At safepoint: 5217 ns, Total: 42936 ns
[2025-09-20T10:10:16.579+0000][7][safepoint   ] Safepoint "Cleanup", Time since last: 1000108679 ns, Reaching safepoint: 23809 ns, Cleanup: 26475 ns, At safepoint: 13768 ns, Total: 64052 ns
[2025-09-20T10:10:19.579+0000][7][safepoint   ] Safepoint "Cleanup", Time since last: 3000328576 ns, Reaching safepoint: 99583 ns, Cleanup: 44028 ns, At safepoint: 22619 ns, Total: 166230 ns
[2025-09-20T10:10:21.579+0000][7][safepoint   ] Safepoint "Cleanup", Time since last: 2000253976 ns, Reaching safepoint: 9034 ns, Cleanup: 8711 ns, At safepoint: 4612 ns, Total: 22357 ns
[2025-09-20T10:10:23.580+0000][7][safepoint   ] Safepoint "Cleanup", Time since last: 2000160098 ns, Reaching safepoint: 9626 ns, Cleanup: 7242 ns, At safepoint: 3758 ns, Total: 20626 ns
[2025-09-20T10:10:24.580+0000][7][safepoint   ] Safepoint "Cleanup", Time since last: 1000084305 ns, Reaching safepoint: 75672 ns, Cleanup: 13124 ns, At safepoint: 6347 ns, Total: 95143 ns
[2025-09-20T10:10:25.580+0000][7][safepoint   ] Safepoint "Cleanup", Time since last: 1000082627 ns, Reaching safepoint: 10023 ns, Cleanup: 8726 ns, At safepoint: 4060 ns, Total: 22809 ns
[2025-09-20T10:10:26.581+0000][7][safepoint   ] Safepoint "Cleanup", Time since last: 1000096770 ns, Reaching safepoint: 112913 ns, Cleanup: 19108 ns, At safepoint: 847873 ns, Total: 979894 ns
[2025-09-20T10:10:27.581+0000][7][safepoint   ] Safepoint "Cleanup", Time since last: 1000119919 ns, Reaching safepoint: 12686 ns, Cleanup: 9930 ns, At safepoint: 5362 ns, Total: 27978 ns
[2025-09-20T10:10:31.581+0000][7][safepoint   ] Safepoint "Cleanup", Time since last: 4000281801 ns, Reaching safepoint: 13983 ns, Cleanup: 13927 ns, At safepoint: 6498 ns, Total: 34408 ns
[2025-09-20T10:10:32.582+0000][7][safepoint   ] Safepoint "Cleanup", Time since last: 1000120139 ns, Reaching safepoint: 21464 ns, Cleanup: 47511 ns, At safepoint: 10652 ns, Total: 79627 ns
[2025-09-20T10:10:33.582+0000][7][safepoint   ] Safepoint "Cleanup", Time since last: 1000090664 ns, Reaching safepoint: 9790 ns, Cleanup: 15075 ns, At safepoint: 4299 ns, Total: 29164 ns
[2025-09-20T10:10:34.582+0000][7][safepoint   ] Safepoint "Cleanup", Time since last: 1000081156 ns, Reaching safepoint: 23655 ns, Cleanup: 12027 ns, At safepoint: 4281 ns, Total: 39963 ns
[2025-09-20T10:10:35.582+0000][7][safepoint   ] Safepoint "Cleanup", Time since last: 1000090377 ns, Reaching safepoint: 10482 ns, Cleanup: 16803 ns, At safepoint: 4388 ns, Total: 31673 ns
[2025-09-20T10:10:36.582+0000][7][safepoint   ] Safepoint "Cleanup", Time since last: 1000094588 ns, Reaching safepoint: 9978 ns, Cleanup: 8409 ns, At safepoint: 4236 ns, Total: 22623 ns
[2025-09-20T10:10:37.582+0000][7][safepoint   ] Safepoint "Cleanup", Time since last: 1000083943 ns, Reaching safepoint: 8546 ns, Cleanup: 6991 ns, At safepoint: 4231 ns, Total: 19768 ns
[2025-09-20T10:10:41.582+0000][7][safepoint   ] Safepoint "Cleanup", Time since last: 4000316010 ns, Reaching safepoint: 8289 ns, Cleanup: 6479 ns, At safepoint: 4348 ns, Total: 19116 ns
[2025-09-20T10:10:43.583+0000][7][safepoint   ] Safepoint "Cleanup", Time since last: 2000143267 ns, Reaching safepoint: 10311 ns, Cleanup: 6855 ns, At safepoint: 4039 ns, Total: 21205 ns
[2025-09-20T10:10:47.583+0000][7][safepoint   ] Safepoint "Cleanup", Time since last: 4000266155 ns, Reaching safepoint: 8650 ns, Cleanup: 4668 ns, At safepoint: 17626 ns, Total: 30944 ns
[2025-09-20T10:10:48.583+0000][7][safepoint   ] Safepoint "Cleanup", Time since last: 1000109268 ns, Reaching safepoint: 8307 ns, Cleanup: 4143 ns, At safepoint: 3859 ns, Total: 16309 ns
[2025-09-20T10:10:52.946+0000][7][gc,start    ] GC(24) Pause Young (Normal) (G1 Evacuation Pause)
[2025-09-20T10:10:52.946+0000][7][gc,task     ] GC(24) Using 8 workers of 8 for evacuation
[2025-09-20T10:10:52.946+0000][7][gc,age      ] GC(24) Desired survivor size 41943040 bytes, new threshold 15 (max threshold 15)
[2025-09-20T10:10:52.961+0000][7][gc,phases   ] GC(24)   Pre Evacuate Collection Set: 0.10ms
[2025-09-20T10:10:52.961+0000][7][gc,phases   ] GC(24)   Merge Heap Roots: 0.08ms
[2025-09-20T10:10:52.961+0000][7][gc,phases   ] GC(24)   Evacuate Collection Set: 12.52ms
[2025-09-20T10:10:52.961+0000][7][gc,phases   ] GC(24)   Post Evacuate Collection Set: 2.17ms
[2025-09-20T10:10:52.961+0000][7][gc,phases   ] GC(24)   Other: 0.06ms
[2025-09-20T10:10:52.961+0000][7][gc,age      ] GC(24) Age table with threshold 15 (max threshold 15)
[2025-09-20T10:10:52.961+0000][7][gc,age      ] GC(24) - age   1:    1709456 bytes,    1709456 total
[2025-09-20T10:10:52.961+0000][7][gc,age      ] GC(24) - age   2:     522648 bytes,    2232104 total
[2025-09-20T10:10:52.961+0000][7][gc,age      ] GC(24) - age   3:      20704 bytes,    2252808 total
[2025-09-20T10:10:52.961+0000][7][gc,age      ] GC(24) - age   4:     135472 bytes,    2388280 total
[2025-09-20T10:10:52.961+0000][7][gc,age      ] GC(24) - age   5:     133368 bytes,    2521648 total
[2025-09-20T10:10:52.961+0000][7][gc,age      ] GC(24) - age   6:     419656 bytes,    2941304 total
[2025-09-20T10:10:52.961+0000][7][gc,age      ] GC(24) - age   7:    1654904 bytes,    4596208 total
[2025-09-20T10:10:52.961+0000][7][gc,age      ] GC(24) - age   8:      31224 bytes,    4627432 total
[2025-09-20T10:10:52.961+0000][7][gc,age      ] GC(24) - age   9:     602696 bytes,    5230128 total
[2025-09-20T10:10:52.961+0000][7][gc,age      ] GC(24) - age  10:    9140320 bytes,   14370448 total
[2025-09-20T10:10:52.961+0000][7][gc,age      ] GC(24) - age  11:   16927024 bytes,   31297472 total
[2025-09-20T10:10:52.961+0000][7][gc,heap     ] GC(24) Eden regions: 143->0(144)
[2025-09-20T10:10:52.961+0000][7][gc,heap     ] GC(24) Survivor regions: 10->9(20)
[2025-09-20T10:10:52.961+0000][7][gc,heap     ] GC(24) Old regions: 15->15
[2025-09-20T10:10:52.961+0000][7][gc,heap     ] GC(24) Humongous regions: 2->2
[2025-09-20T10:10:52.961+0000][7][gc,metaspace] GC(24) Metaspace: 116259K(119168K)->116259K(119168K) NonClass: 100431K(101952K)->100431K(101952K) Class: 15828K(17216K)->15828K(17216K)
[2025-09-20T10:10:52.961+0000][7][gc          ] GC(24) Pause Young (Normal) (G1 Evacuation Pause) 675M->98M(1024M) 15.127ms
[2025-09-20T10:10:52.961+0000][7][gc,cpu      ] GC(24) User=0.09s Sys=0.00s Real=0.02s
[2025-09-20T10:10:52.961+0000][7][safepoint   ] Safepoint "G1CollectForAllocation", Time since last: 4362557328 ns, Reaching safepoint: 13036 ns, Cleanup: 4517 ns, At safepoint: 15180038 ns, Total: 15197591 ns
[2025-09-20T10:10:56.961+0000][7][safepoint   ] Safepoint "Cleanup", Time since last: 4000288849 ns, Reaching safepoint: 15427 ns, Cleanup: 8539 ns, At safepoint: 5390 ns, Total: 29356 ns
[2025-09-20T10:11:05.962+0000][7][safepoint   ] Safepoint "Cleanup", Time since last: 9000590248 ns, Reaching safepoint: 33981 ns, Cleanup: 10967 ns, At safepoint: 9190 ns, Total: 54138 ns
[2025-09-20T10:11:09.962+0000][7][safepoint   ] Safepoint "Cleanup", Time since last: 4000313942 ns, Reaching safepoint: 18395 ns, Cleanup: 13782 ns, At safepoint: 5553 ns, Total: 37730 ns
[2025-09-20T10:11:11.962+0000][7][safepoint   ] Safepoint "Cleanup", Time since last: 2000164204 ns, Reaching safepoint: 14616 ns, Cleanup: 10045 ns, At safepoint: 5184 ns, Total: 29845 ns
[2025-09-20T10:11:26.963+0000][7][safepoint   ] Safepoint "Cleanup", Time since last: 15001057353 ns, Reaching safepoint: 16265 ns, Cleanup: 9530 ns, At safepoint: 5987 ns, Total: 31782 ns
[2025-09-20T10:11:40.965+0000][7][safepoint   ] Safepoint "Cleanup", Time since last: 14001036273 ns, Reaching safepoint: 25928 ns, Cleanup: 8444 ns, At safepoint: 6366 ns, Total: 40738 ns
[2025-09-20T10:11:44.965+0000][7][safepoint   ] Safepoint "Cleanup", Time since last: 4000353275 ns, Reaching safepoint: 57777 ns, Cleanup: 22885 ns, At safepoint: 11353 ns, Total: 92015 ns
[2025-09-20T10:11:52.609+0000][7][safepoint   ] Safepoint "Cleanup", Time since last: 7644233632 ns, Reaching safepoint: 19683 ns, Cleanup: 9587 ns, At safepoint: 7608 ns, Total: 36878 ns
[2025-09-20T10:12:36.613+0000][7][safepoint   ] Safepoint "Cleanup", Time since last: 44003701318 ns, Reaching safepoint: 46769 ns, Cleanup: 16934 ns, At safepoint: 10807 ns, Total: 74510 ns
[2025-09-20T10:12:41.614+0000][7][safepoint   ] Safepoint "Cleanup", Time since last: 5000511441 ns, Reaching safepoint: 103443 ns, Cleanup: 21804 ns, At safepoint: 17290 ns, Total: 142537 ns
[2025-09-20T10:13:16.616+0000][7][safepoint   ] Safepoint "Cleanup", Time since last: 35002382464 ns, Reaching safepoint: 43582 ns, Cleanup: 15686 ns, At safepoint: 7842 ns, Total: 67110 ns
[2025-09-20T10:13:18.616+0000][7][safepoint   ] Safepoint "Cleanup", Time since last: 2000331863 ns, Reaching safepoint: 13327 ns, Cleanup: 8893 ns, At safepoint: 5667 ns, Total: 27887 ns
[2025-09-20T10:13:24.617+0000][7][safepoint   ] Safepoint "Cleanup", Time since last: 6000454474 ns, Reaching safepoint: 15005 ns, Cleanup: 10732 ns, At safepoint: 6758 ns, Total: 32495 ns
[2025-09-20T10:13:26.617+0000][7][safepoint   ] Safepoint "Cleanup", Time since last: 2000169190 ns, Reaching safepoint: 15849 ns, Cleanup: 9179 ns, At safepoint: 5186 ns, Total: 30214 ns
[2025-09-20T10:13:35.618+0000][7][safepoint   ] Safepoint "Cleanup", Time since last: 9000595635 ns, Reaching safepoint: 11765 ns, Cleanup: 10937 ns, At safepoint: 6056 ns, Total: 28758 ns
[2025-09-20T10:13:51.641+0000][7][safepoint   ] Safepoint "Cleanup", Time since last: 16022773931 ns, Reaching safepoint: 10137 ns, Cleanup: 9498 ns, At safepoint: 4136 ns, Total: 23771 ns
[2025-09-20T10:13:56.641+0000][7][safepoint   ] Safepoint "Cleanup", Time since last: 5000345286 ns, Reaching safepoint: 15585 ns, Cleanup: 9890 ns, At safepoint: 7613 ns, Total: 33088 ns
[2025-09-20T10:15:23.658+0000][7][safepoint   ] Safepoint "Cleanup", Time since last: 87017082362 ns, Reaching safepoint: 22569 ns, Cleanup: 8579 ns, At safepoint: 4968 ns, Total: 36116 ns
[2025-09-20T10:15:25.658+0000][7][safepoint   ] Safepoint "Cleanup", Time since last: 2000303910 ns, Reaching safepoint: 10773 ns, Cleanup: 6586 ns, At safepoint: 4410 ns, Total: 21769 ns
[2025-09-20T10:15:27.659+0000][7][safepoint   ] Safepoint "Cleanup", Time since last: 2000176104 ns, Reaching safepoint: 9968 ns, Cleanup: 8469 ns, At safepoint: 4438 ns, Total: 22875 ns
[2025-09-20T10:15:34.659+0000][7][safepoint   ] Safepoint "Cleanup", Time since last: 7000540357 ns, Reaching safepoint: 9923 ns, Cleanup: 19315 ns, At safepoint: 5181 ns, Total: 34419 ns
[2025-09-20T10:15:42.660+0000][7][safepoint   ] Safepoint "Cleanup", Time since last: 8000576694 ns, Reaching safepoint: 8795 ns, Cleanup: 7843 ns, At safepoint: 4878 ns, Total: 21516 ns
[2025-09-20T10:15:43.660+0000][7][safepoint   ] Safepoint "Cleanup", Time since last: 1000090391 ns, Reaching safepoint: 10430 ns, Cleanup: 7416 ns, At safepoint: 4155 ns, Total: 22001 ns
[2025-09-20T10:15:45.660+0000][7][safepoint   ] Safepoint "Cleanup", Time since last: 2000159286 ns, Reaching safepoint: 10574 ns, Cleanup: 7656 ns, At safepoint: 4062 ns, Total: 22292 ns
[2025-09-20T10:15:56.672+0000][7][safepoint   ] Safepoint "Cleanup", Time since last: 11011975744 ns, Reaching safepoint: 10937 ns, Cleanup: 7241 ns, At safepoint: 5112 ns, Total: 23290 ns
[2025-09-20T10:17:30.691+0000][7][safepoint   ] Safepoint "Cleanup", Time since last: 94018505488 ns, Reaching safepoint: 21184 ns, Cleanup: 6934 ns, At safepoint: 4566 ns, Total: 32684 ns
[2025-09-20T10:17:54.694+0000][7][safepoint   ] Safepoint "Cleanup", Time since last: 24003402825 ns, Reaching safepoint: 21556 ns, Cleanup: 41700 ns, At safepoint: 5584 ns, Total: 68840 ns
[2025-09-20T10:18:01.695+0000][7][safepoint   ] Safepoint "Cleanup", Time since last: 7000462474 ns, Reaching safepoint: 30106 ns, Cleanup: 10410 ns, At safepoint: 7495 ns, Total: 48011 ns
[2025-09-20T10:18:06.695+0000][7][safepoint   ] Safepoint "Cleanup", Time since last: 5000332110 ns, Reaching safepoint: 9859 ns, Cleanup: 7263 ns, At safepoint: 4592 ns, Total: 21714 ns
[2025-09-20T10:18:07.695+0000][7][safepoint   ] Safepoint "Cleanup", Time since last: 1000090303 ns, Reaching safepoint: 11808 ns, Cleanup: 7488 ns, At safepoint: 6013 ns, Total: 25309 ns
[2025-09-20T10:18:44.697+0000][7][safepoint   ] Safepoint "Cleanup", Time since last: 37002217459 ns, Reaching safepoint: 32205 ns, Cleanup: 14404 ns, At safepoint: 5338 ns, Total: 51947 ns
[2025-09-20T10:18:51.698+0000][7][safepoint   ] Safepoint "Cleanup", Time since last: 7000624814 ns, Reaching safepoint: 23384 ns, Cleanup: 21038 ns, At safepoint: 14796 ns, Total: 59218 ns
[2025-09-20T10:19:47.704+0000][7][safepoint   ] Safepoint "Cleanup", Time since last: 56005799253 ns, Reaching safepoint: 10927 ns, Cleanup: 6949 ns, At safepoint: 3953 ns, Total: 21829 ns
[2025-09-20T10:19:53.735+0000][7][safepoint   ] Safepoint "Cleanup", Time since last: 6031277120 ns, Reaching safepoint: 12067 ns, Cleanup: 9349 ns, At safepoint: 5631 ns, Total: 27047 ns
[2025-09-20T10:19:56.735+0000][7][safepoint   ] Safepoint "Cleanup", Time since last: 3000238599 ns, Reaching safepoint: 17084 ns, Cleanup: 10273 ns, At safepoint: 8962 ns, Total: 36319 ns
[2025-09-20T10:20:05.736+0000][7][safepoint   ] Safepoint "Cleanup", Time since last: 9000641090 ns, Reaching safepoint: 44306 ns, Cleanup: 10105 ns, At safepoint: 7089 ns, Total: 61500 ns
[2025-09-20T10:20:21.737+0000][7][safepoint   ] Safepoint "Cleanup", Time since last: 16000939062 ns, Reaching safepoint: 10689 ns, Cleanup: 8094 ns, At safepoint: 4932 ns, Total: 23715 ns
[2025-09-20T10:20:50.751+0000][7][safepoint   ] Safepoint "Cleanup", Time since last: 29013603572 ns, Reaching safepoint: 8380 ns, Cleanup: 6950 ns, At safepoint: 4209 ns, Total: 19539 ns
[2025-09-20T10:21:56.768+0000][7][safepoint   ] Safepoint "Cleanup", Time since last: 66017239640 ns, Reaching safepoint: 12379 ns, Cleanup: 10875 ns, At safepoint: 6266 ns, Total: 29520 ns
[2025-09-20T10:22:31.770+0000][7][safepoint   ] Safepoint "Cleanup", Time since last: 35002400246 ns, Reaching safepoint: 73122 ns, Cleanup: 9697 ns, At safepoint: 4934 ns, Total: 87753 ns
[2025-09-20T10:24:11.801+0000][7][safepoint   ] Safepoint "Cleanup", Time since last: 100030331922 ns, Reaching safepoint: 21444 ns, Cleanup: 8823 ns, At safepoint: 4314 ns, Total: 34581 ns
[2025-09-20T10:24:25.802+0000][7][safepoint   ] Safepoint "Cleanup", Time since last: 14001051638 ns, Reaching safepoint: 9373 ns, Cleanup: 7046 ns, At safepoint: 5094 ns, Total: 21513 ns
[2025-09-20T10:24:27.802+0000][7][safepoint   ] Safepoint "Cleanup", Time since last: 2000163859 ns, Reaching safepoint: 9601 ns, Cleanup: 10456 ns, At safepoint: 6282 ns, Total: 26339 ns
[2025-09-20T10:25:22.818+0000][7][safepoint   ] Safepoint "Cleanup", Time since last: 55016269385 ns, Reaching safepoint: 23217 ns, Cleanup: 7553 ns, At safepoint: 5211 ns, Total: 35981 ns
[2025-09-20T10:25:48.821+0000][7][safepoint   ] Safepoint "Cleanup", Time since last: 26002960544 ns, Reaching safepoint: 48190 ns, Cleanup: 14851 ns, At safepoint: 10099 ns, Total: 73140 ns
[2025-09-20T10:25:54.822+0000][7][safepoint   ] Safepoint "Cleanup", Time since last: 6000646873 ns, Reaching safepoint: 15671 ns, Cleanup: 16027 ns, At safepoint: 8241 ns, Total: 39939 ns
[2025-09-20T10:25:59.299+0000][7][safepoint   ] Safepoint "ICBufferFull", Time since last: 4476870110 ns, Reaching safepoint: 8021 ns, Cleanup: 84535 ns, At safepoint: 5249 ns, Total: 97805 ns
[2025-09-20T10:25:59.498+0000][7][safepoint   ] Safepoint "ICBufferFull", Time since last: 198377455 ns, Reaching safepoint: 8960 ns, Cleanup: 86014 ns, At safepoint: 4644 ns, Total: 99618 ns
[2025-09-20T10:26:00.399+0000][7][safepoint   ] Safepoint "ICBufferFull", Time since last: 901426331 ns, Reaching safepoint: 77492 ns, Cleanup: 111690 ns, At safepoint: 7835 ns, Total: 197017 ns
[2025-09-20T10:26:01.480+0000][7][safepoint   ] Safepoint "Cleanup", Time since last: 1080848856 ns, Reaching safepoint: 15404 ns, Cleanup: 93001 ns, At safepoint: 9231 ns, Total: 117636 ns
[2025-09-20T10:26:02.480+0000][7][safepoint   ] Safepoint "Cleanup", Time since last: 1000110244 ns, Reaching safepoint: 14100 ns, Cleanup: 29938 ns, At safepoint: 7288 ns, Total: 51326 ns
[2025-09-20T10:26:04.480+0000][7][safepoint   ] Safepoint "Cleanup", Time since last: 2000166531 ns, Reaching safepoint: 10486 ns, Cleanup: 12777 ns, At safepoint: 4204 ns, Total: 27467 ns
[2025-09-20T10:26:05.481+0000][7][safepoint   ] Safepoint "Cleanup", Time since last: 1000093037 ns, Reaching safepoint: 13792 ns, Cleanup: 81075 ns, At safepoint: 6036 ns, Total: 100903 ns
[2025-09-20T10:26:07.399+0000][7][safepoint   ] Safepoint "Cleanup", Time since last: 1918324217 ns, Reaching safepoint: 9308 ns, Cleanup: 22739 ns, At safepoint: 4363 ns, Total: 36410 ns
[2025-09-20T10:26:10.399+0000][7][safepoint   ] Safepoint "Cleanup", Time since last: 3000348573 ns, Reaching safepoint: 17553 ns, Cleanup: 11983 ns, At safepoint: 6918 ns, Total: 36454 ns
[2025-09-20T10:26:11.400+0000][7][safepoint   ] Safepoint "Cleanup", Time since last: 1000120966 ns, Reaching safepoint: 30021 ns, Cleanup: 11039 ns, At safepoint: 5304 ns, Total: 46364 ns
[2025-09-20T10:26:12.389+0000][7][gc,start    ] GC(25) Pause Young (Normal) (G1 Evacuation Pause)
[2025-09-20T10:26:12.390+0000][7][gc,task     ] GC(25) Using 8 workers of 8 for evacuation
[2025-09-20T10:26:12.391+0000][7][gc,age      ] GC(25) Desired survivor size 41943040 bytes, new threshold 15 (max threshold 15)
[2025-09-20T10:26:12.416+0000][7][gc,phases   ] GC(25)   Pre Evacuate Collection Set: 0.34ms
[2025-09-20T10:26:12.416+0000][7][gc,phases   ] GC(25)   Merge Heap Roots: 0.21ms
[2025-09-20T10:26:12.416+0000][7][gc,phases   ] GC(25)   Evacuate Collection Set: 23.46ms
[2025-09-20T10:26:12.416+0000][7][gc,phases   ] GC(25)   Post Evacuate Collection Set: 1.14ms
[2025-09-20T10:26:12.416+0000][7][gc,phases   ] GC(25)   Other: 1.88ms
[2025-09-20T10:26:12.416+0000][7][gc,age      ] GC(25) Age table with threshold 15 (max threshold 15)
[2025-09-20T10:26:12.416+0000][7][gc,age      ] GC(25) - age   1:    3392760 bytes,    3392760 total
[2025-09-20T10:26:12.416+0000][7][gc,age      ] GC(25) - age   2:    1362800 bytes,    4755560 total
[2025-09-20T10:26:12.416+0000][7][gc,age      ] GC(25) - age   3:     521808 bytes,    5277368 total
[2025-09-20T10:26:12.416+0000][7][gc,age      ] GC(25) - age   4:      20384 bytes,    5297752 total
[2025-09-20T10:26:12.416+0000][7][gc,age      ] GC(25) - age   5:     135472 bytes,    5433224 total
[2025-09-20T10:26:12.416+0000][7][gc,age      ] GC(25) - age   6:     133136 bytes,    5566360 total
[2025-09-20T10:26:12.416+0000][7][gc,age      ] GC(25) - age   7:     371272 bytes,    5937632 total
[2025-09-20T10:26:12.416+0000][7][gc,age      ] GC(25) - age   8:    1632000 bytes,    7569632 total
[2025-09-20T10:26:12.416+0000][7][gc,age      ] GC(25) - age   9:      28144 bytes,    7597776 total
[2025-09-20T10:26:12.416+0000][7][gc,age      ] GC(25) - age  10:     563136 bytes,    8160912 total
[2025-09-20T10:26:12.416+0000][7][gc,age      ] GC(25) - age  11:    9134680 bytes,   17295592 total
[2025-09-20T10:26:12.416+0000][7][gc,age      ] GC(25) - age  12:   16925936 bytes,   34221528 total
[2025-09-20T10:26:12.416+0000][7][gc,heap     ] GC(25) Eden regions: 144->0(143)
[2025-09-20T10:26:12.416+0000][7][gc,heap     ] GC(25) Survivor regions: 9->10(20)
[2025-09-20T10:26:12.416+0000][7][gc,heap     ] GC(25) Old regions: 15->15
[2025-09-20T10:26:12.416+0000][7][gc,heap     ] GC(25) Humongous regions: 2->2
[2025-09-20T10:26:12.416+0000][7][gc,metaspace] GC(25) Metaspace: 117472K(120384K)->117472K(120384K) NonClass: 101496K(103040K)->101496K(103040K) Class: 15976K(17344K)->15976K(17344K)
[2025-09-20T10:26:12.416+0000][7][gc          ] GC(25) Pause Young (Normal) (G1 Evacuation Pause) 674M->103M(1024M) 27.214ms
[2025-09-20T10:26:12.416+0000][7][gc,cpu      ] GC(25) User=0.07s Sys=0.00s Real=0.03s
[2025-09-20T10:26:12.416+0000][7][safepoint   ] Safepoint "G1CollectForAllocation", Time since last: 989232286 ns, Reaching safepoint: 13835 ns, Cleanup: 2332 ns, At safepoint: 27273321 ns, Total: 27289488 ns
[2025-09-20T10:26:13.416+0000][7][safepoint   ] Safepoint "Cleanup", Time since last: 1000078703 ns, Reaching safepoint: 13592 ns, Cleanup: 13821 ns, At safepoint: 7781 ns, Total: 35194 ns
[2025-09-20T10:26:14.416+0000][7][safepoint   ] Safepoint "Cleanup", Time since last: 1000099456 ns, Reaching safepoint: 9460 ns, Cleanup: 8616 ns, At safepoint: 4507 ns, Total: 22583 ns
[2025-09-20T10:26:15.418+0000][7][safepoint   ] Safepoint "Cleanup", Time since last: 1001168839 ns, Reaching safepoint: 41696 ns, Cleanup: 35098 ns, At safepoint: 15292 ns, Total: 92086 ns
[2025-09-20T10:26:16.418+0000][7][safepoint   ] Safepoint "Cleanup", Time since last: 1000169672 ns, Reaching safepoint: 9738 ns, Cleanup: 12883 ns, At safepoint: 5272 ns, Total: 27893 ns
[2025-09-20T10:26:17.418+0000][7][safepoint   ] Safepoint "Cleanup", Time since last: 1000116681 ns, Reaching safepoint: 11303 ns, Cleanup: 42626 ns, At safepoint: 5247 ns, Total: 59176 ns
[2025-09-20T10:26:18.418+0000][7][safepoint   ] Safepoint "Cleanup", Time since last: 1000103868 ns, Reaching safepoint: 18162 ns, Cleanup: 27545 ns, At safepoint: 9303 ns, Total: 55010 ns
[2025-09-20T10:26:19.418+0000][7][safepoint   ] Safepoint "Cleanup", Time since last: 1000109987 ns, Reaching safepoint: 14899 ns, Cleanup: 8384 ns, At safepoint: 5195 ns, Total: 28478 ns
[2025-09-20T10:26:21.419+0000][7][safepoint   ] Safepoint "Cleanup", Time since last: 2000178073 ns, Reaching safepoint: 12687 ns, Cleanup: 8634 ns, At safepoint: 6348 ns, Total: 27669 ns
[2025-09-20T10:26:27.419+0000][7][safepoint   ] Safepoint "Cleanup", Time since last: 6000487298 ns, Reaching safepoint: 19440 ns, Cleanup: 16367 ns, At safepoint: 8546 ns, Total: 44353 ns
[2025-09-20T10:26:29.419+0000][7][safepoint   ] Safepoint "Cleanup", Time since last: 2000226254 ns, Reaching safepoint: 13147 ns, Cleanup: 7831 ns, At safepoint: 5464 ns, Total: 26442 ns
[2025-09-20T10:26:32.420+0000][7][safepoint   ] Safepoint "Cleanup", Time since last: 3000285681 ns, Reaching safepoint: 34250 ns, Cleanup: 73554 ns, At safepoint: 12273 ns, Total: 120077 ns
[2025-09-20T10:26:33.420+0000][7][safepoint   ] Safepoint "Cleanup", Time since last: 1000236255 ns, Reaching safepoint: 13995 ns, Cleanup: 9879 ns, At safepoint: 6553 ns, Total: 30427 ns
[2025-09-20T10:26:34.420+0000][7][safepoint   ] Safepoint "Cleanup", Time since last: 1000108492 ns, Reaching safepoint: 9250 ns, Cleanup: 16685 ns, At safepoint: 4430 ns, Total: 30365 ns
[2025-09-20T10:26:35.420+0000][7][safepoint   ] Safepoint "Cleanup", Time since last: 1000104209 ns, Reaching safepoint: 19644 ns, Cleanup: 34841 ns, At safepoint: 8018 ns, Total: 62503 ns
[2025-09-20T10:26:36.420+0000][7][safepoint   ] Safepoint "Cleanup", Time since last: 1000116374 ns, Reaching safepoint: 15411 ns, Cleanup: 27434 ns, At safepoint: 6867 ns, Total: 49712 ns
[2025-09-20T10:26:37.421+0000][7][safepoint   ] Safepoint "Cleanup", Time since last: 1000293287 ns, Reaching safepoint: 16539 ns, Cleanup: 10959 ns, At safepoint: 6362 ns, Total: 33860 ns
[2025-09-20T10:26:38.424+0000][7][safepoint   ] Safepoint "Cleanup", Time since last: 1000112485 ns, Reaching safepoint: 15246 ns, Cleanup: 21314 ns, At safepoint: 2923278 ns, Total: 2959838 ns
[2025-09-20T10:26:39.424+0000][7][safepoint   ] Safepoint "Cleanup", Time since last: 1000097159 ns, Reaching safepoint: 14592 ns, Cleanup: 18239 ns, At safepoint: 6305 ns, Total: 39136 ns
[2025-09-20T10:26:40.424+0000][7][safepoint   ] Safepoint "Cleanup", Time since last: 1000110842 ns, Reaching safepoint: 9969 ns, Cleanup: 12476 ns, At safepoint: 4648 ns, Total: 27093 ns
[2025-09-20T10:26:41.440+0000][7][safepoint   ] Safepoint "Cleanup", Time since last: 1015679304 ns, Reaching safepoint: 9735 ns, Cleanup: 18684 ns, At safepoint: 2805 ns, Total: 31224 ns
[2025-09-20T10:26:42.440+0000][7][safepoint   ] Safepoint "Cleanup", Time since last: 1000106134 ns, Reaching safepoint: 14949 ns, Cleanup: 10907 ns, At safepoint: 6554 ns, Total: 32410 ns
[2025-09-20T10:26:43.440+0000][7][safepoint   ] Safepoint "Cleanup", Time since last: 1000085205 ns, Reaching safepoint: 14537 ns, Cleanup: 33334 ns, At safepoint: 6025 ns, Total: 53896 ns
[2025-09-20T10:26:44.440+0000][7][safepoint   ] Safepoint "Cleanup", Time since last: 1000103035 ns, Reaching safepoint: 15169 ns, Cleanup: 45085 ns, At safepoint: 7154 ns, Total: 67408 ns
[2025-09-20T10:26:45.440+0000][7][safepoint   ] Safepoint "Cleanup", Time since last: 1000113424 ns, Reaching safepoint: 14542 ns, Cleanup: 15808 ns, At safepoint: 5912 ns, Total: 36262 ns
[2025-09-20T10:26:46.441+0000][7][safepoint   ] Safepoint "Cleanup", Time since last: 1000101473 ns, Reaching safepoint: 16057 ns, Cleanup: 14077 ns, At safepoint: 7331 ns, Total: 37465 ns
[2025-09-20T10:26:47.441+0000][7][safepoint   ] Safepoint "Cleanup", Time since last: 1000100110 ns, Reaching safepoint: 10536 ns, Cleanup: 13778 ns, At safepoint: 4904 ns, Total: 29218 ns
[2025-09-20T10:26:48.441+0000][7][safepoint   ] Safepoint "Cleanup", Time since last: 1000128308 ns, Reaching safepoint: 9800 ns, Cleanup: 13923 ns, At safepoint: 4447 ns, Total: 28170 ns
[2025-09-20T10:26:49.865+0000][7][safepoint   ] Safepoint "Cleanup", Time since last: 1423893942 ns, Reaching safepoint: 18695 ns, Cleanup: 14690 ns, At safepoint: 7961 ns, Total: 41346 ns
[2025-09-20T10:26:51.865+0000][7][safepoint   ] Safepoint "Cleanup", Time since last: 2000149354 ns, Reaching safepoint: 13060 ns, Cleanup: 10844 ns, At safepoint: 5788 ns, Total: 29692 ns
[2025-09-20T10:26:52.865+0000][7][safepoint   ] Safepoint "Cleanup", Time since last: 1000097123 ns, Reaching safepoint: 9135 ns, Cleanup: 6770 ns, At safepoint: 4221 ns, Total: 20126 ns
[2025-09-20T10:26:53.865+0000][7][safepoint   ] Safepoint "Cleanup", Time since last: 1000118840 ns, Reaching safepoint: 20737 ns, Cleanup: 45328 ns, At safepoint: 9240 ns, Total: 75305 ns
[2025-09-20T10:26:55.749+0000][7][safepoint   ] Safepoint "Cleanup", Time since last: 1884157351 ns, Reaching safepoint: 9583 ns, Cleanup: 26183 ns, At safepoint: 4529 ns, Total: 40295 ns
[2025-09-20T10:26:56.750+0000][7][safepoint   ] Safepoint "Cleanup", Time since last: 1000088051 ns, Reaching safepoint: 10905 ns, Cleanup: 40004 ns, At safepoint: 5429 ns, Total: 56338 ns
[2025-09-20T10:27:01.750+0000][7][safepoint   ] Safepoint "Cleanup", Time since last: 5000308826 ns, Reaching safepoint: 12238 ns, Cleanup: 12075 ns, At safepoint: 5584 ns, Total: 29897 ns
[2025-09-20T10:27:52.880+0000][7][safepoint   ] Safepoint "Cleanup", Time since last: 51130159554 ns, Reaching safepoint: 18403 ns, Cleanup: 28483 ns, At safepoint: 6934 ns, Total: 53820 ns
[2025-09-20T10:27:54.882+0000][7][safepoint   ] Safepoint "Cleanup", Time since last: 2001641739 ns, Reaching safepoint: 11365 ns, Cleanup: 10040 ns, At safepoint: 5140 ns, Total: 26545 ns
[2025-09-20T10:27:56.882+0000][7][safepoint   ] Safepoint "Cleanup", Time since last: 2000104809 ns, Reaching safepoint: 13541 ns, Cleanup: 10267 ns, At safepoint: 5710 ns, Total: 29518 ns
[2025-09-20T10:28:10.883+0000][7][safepoint   ] Safepoint "Cleanup", Time since last: 14000930574 ns, Reaching safepoint: 29476 ns, Cleanup: 25942 ns, At safepoint: 4945 ns, Total: 60363 ns
[2025-09-20T10:28:14.885+0000][7][safepoint   ] Safepoint "Cleanup", Time since last: 4001532306 ns, Reaching safepoint: 13909 ns, Cleanup: 8615 ns, At safepoint: 5713 ns, Total: 28237 ns
[2025-09-20T10:28:16.885+0000][7][safepoint   ] Safepoint "Cleanup", Time since last: 2000310973 ns, Reaching safepoint: 22850 ns, Cleanup: 19307 ns, At safepoint: 16475 ns, Total: 58632 ns
[2025-09-20T10:28:18.885+0000][7][safepoint   ] Safepoint "Cleanup", Time since last: 2000226157 ns, Reaching safepoint: 11776 ns, Cleanup: 13171 ns, At safepoint: 5713 ns, Total: 30660 ns
[2025-09-20T10:28:22.886+0000][7][safepoint   ] Safepoint "Cleanup", Time since last: 4000347494 ns, Reaching safepoint: 11762 ns, Cleanup: 9251 ns, At safepoint: 5313 ns, Total: 26326 ns
[2025-09-20T10:28:26.886+0000][7][safepoint   ] Safepoint "Cleanup", Time since last: 4000312941 ns, Reaching safepoint: 23268 ns, Cleanup: 10722 ns, At safepoint: 5412 ns, Total: 39402 ns
[2025-09-20T10:28:29.886+0000][7][safepoint   ] Safepoint "Cleanup", Time since last: 3000174226 ns, Reaching safepoint: 11253 ns, Cleanup: 9227 ns, At safepoint: 6315 ns, Total: 26795 ns
[2025-09-20T10:28:30.886+0000][7][safepoint   ] Safepoint "Cleanup", Time since last: 1000097051 ns, Reaching safepoint: 12385 ns, Cleanup: 7737 ns, At safepoint: 5185 ns, Total: 25307 ns
[2025-09-20T10:28:39.887+0000][7][safepoint   ] Safepoint "Cleanup", Time since last: 9000632671 ns, Reaching safepoint: 11816 ns, Cleanup: 7829 ns, At safepoint: 4639 ns, Total: 24284 ns
[2025-09-20T10:28:44.242+0000][7][gc,start    ] GC(26) Pause Young (Normal) (G1 Evacuation Pause)
[2025-09-20T10:28:44.244+0000][7][gc,task     ] GC(26) Using 8 workers of 8 for evacuation
[2025-09-20T10:28:44.247+0000][7][gc,age      ] GC(26) Desired survivor size 41943040 bytes, new threshold 15 (max threshold 15)
[2025-09-20T10:28:44.259+0000][7][gc,phases   ] GC(26)   Pre Evacuate Collection Set: 0.09ms
[2025-09-20T10:28:44.259+0000][7][gc,phases   ] GC(26)   Merge Heap Roots: 0.04ms
[2025-09-20T10:28:44.259+0000][7][gc,phases   ] GC(26)   Evacuate Collection Set: 10.56ms
[2025-09-20T10:28:44.259+0000][7][gc,phases   ] GC(26)   Post Evacuate Collection Set: 1.87ms
[2025-09-20T10:28:44.259+0000][7][gc,phases   ] GC(26)   Other: 2.68ms
[2025-09-20T10:28:44.259+0000][7][gc,age      ] GC(26) Age table with threshold 15 (max threshold 15)
[2025-09-20T10:28:44.259+0000][7][gc,age      ] GC(26) - age   1:    1645080 bytes,    1645080 total
[2025-09-20T10:28:44.259+0000][7][gc,age      ] GC(26) - age   2:    2265920 bytes,    3911000 total
[2025-09-20T10:28:44.259+0000][7][gc,age      ] GC(26) - age   3:     411632 bytes,    4322632 total
[2025-09-20T10:28:44.259+0000][7][gc,age      ] GC(26) - age   4:     521056 bytes,    4843688 total
[2025-09-20T10:28:44.259+0000][7][gc,age      ] GC(26) - age   5:      20088 bytes,    4863776 total
[2025-09-20T10:28:44.259+0000][7][gc,age      ] GC(26) - age   6:     135472 bytes,    4999248 total
[2025-09-20T10:28:44.259+0000][7][gc,age      ] GC(26) - age   7:     132784 bytes,    5132032 total
[2025-09-20T10:28:44.259+0000][7][gc,age      ] GC(26) - age   8:     370736 bytes,    5502768 total
[2025-09-20T10:28:44.259+0000][7][gc,age      ] GC(26) - age   9:    1583312 bytes,    7086080 total
[2025-09-20T10:28:44.259+0000][7][gc,age      ] GC(26) - age  10:      26816 bytes,    7112896 total
[2025-09-20T10:28:44.259+0000][7][gc,age      ] GC(26) - age  11:     561088 bytes,    7673984 total
[2025-09-20T10:28:44.259+0000][7][gc,age      ] GC(26) - age  12:    9013720 bytes,   16687704 total
[2025-09-20T10:28:44.259+0000][7][gc,age      ] GC(26) - age  13:   16288096 bytes,   32975800 total
[2025-09-20T10:28:44.259+0000][7][gc,heap     ] GC(26) Eden regions: 143->0(144)
[2025-09-20T10:28:44.259+0000][7][gc,heap     ] GC(26) Survivor regions: 10->9(20)
[2025-09-20T10:28:44.259+0000][7][gc,heap     ] GC(26) Old regions: 15->15
[2025-09-20T10:28:44.259+0000][7][gc,heap     ] GC(26) Humongous regions: 2->2
[2025-09-20T10:28:44.259+0000][7][gc,metaspace] GC(26) Metaspace: 117956K(120896K)->117956K(120896K) NonClass: 101911K(103488K)->101911K(103488K) Class: 16044K(17408K)->16044K(17408K)
[2025-09-20T10:28:44.259+0000][7][gc          ] GC(26) Pause Young (Normal) (G1 Evacuation Pause) 675M->101M(1024M) 17.011ms
[2025-09-20T10:28:44.259+0000][7][gc,cpu      ] GC(26) User=0.08s Sys=0.00s Real=0.02s
[2025-09-20T10:28:44.259+0000][7][safepoint   ] Safepoint "G1CollectForAllocation", Time since last: 4354839934 ns, Reaching safepoint: 8891 ns, Cleanup: 2655 ns, At safepoint: 17627248 ns, Total: 17638794 ns
[2025-09-20T10:28:45.259+0000][7][safepoint   ] Safepoint "Cleanup", Time since last: 1000073378 ns, Reaching safepoint: 10564 ns, Cleanup: 8232 ns, At safepoint: 4926 ns, Total: 23722 ns
[2025-09-20T10:28:54.896+0000][7][safepoint   ] Safepoint "Cleanup", Time since last: 9636819915 ns, Reaching safepoint: 15860 ns, Cleanup: 13961 ns, At safepoint: 6619 ns, Total: 36440 ns
[2025-09-20T10:29:14.898+0000][7][safepoint   ] Safepoint "Cleanup", Time since last: 20001393043 ns, Reaching safepoint: 23059 ns, Cleanup: 9260 ns, At safepoint: 5008 ns, Total: 37327 ns
[2025-09-20T10:29:42.901+0000][7][safepoint   ] Safepoint "Cleanup", Time since last: 28003248574 ns, Reaching safepoint: 103367 ns, Cleanup: 38250 ns, At safepoint: 17741 ns, Total: 159358 ns
[2025-09-20T10:29:55.913+0000][7][safepoint   ] Safepoint "Cleanup", Time since last: 13011404491 ns, Reaching safepoint: 9711 ns, Cleanup: 16156 ns, At safepoint: 5419 ns, Total: 31286 ns
[2025-09-20T10:30:15.915+0000][7][safepoint   ] Safepoint "Cleanup", Time since last: 20002877735 ns, Reaching safepoint: 27355 ns, Cleanup: 14148 ns, At safepoint: 7961 ns, Total: 49464 ns
[2025-09-20T10:30:16.916+0000][7][safepoint   ] Safepoint "Cleanup", Time since last: 1000234665 ns, Reaching safepoint: 23365 ns, Cleanup: 35170 ns, At safepoint: 16335 ns, Total: 74870 ns
[2025-09-20T10:30:17.916+0000][7][safepoint   ] Safepoint "Cleanup", Time since last: 1000154875 ns, Reaching safepoint: 22750 ns, Cleanup: 21878 ns, At safepoint: 14870 ns, Total: 59498 ns
[2025-09-20T10:30:32.917+0000][7][safepoint   ] Safepoint "Cleanup", Time since last: 15001106032 ns, Reaching safepoint: 9503 ns, Cleanup: 25911 ns, At safepoint: 5575 ns, Total: 40989 ns
[2025-09-20T10:30:40.919+0000][7][safepoint   ] Safepoint "Cleanup", Time since last: 8001916732 ns, Reaching safepoint: 14315 ns, Cleanup: 16254 ns, At safepoint: 6086 ns, Total: 36655 ns
[2025-09-20T10:30:41.919+0000][7][safepoint   ] Safepoint "Cleanup", Time since last: 1000101278 ns, Reaching safepoint: 20485 ns, Cleanup: 10606 ns, At safepoint: 5657 ns, Total: 36748 ns
[2025-09-20T10:31:04.932+0000][7][safepoint   ] Safepoint "Cleanup", Time since last: 23013038910 ns, Reaching safepoint: 10998 ns, Cleanup: 27869 ns, At safepoint: 6150 ns, Total: 45017 ns
[2025-09-20T10:31:09.933+0000][7][safepoint   ] Safepoint "Cleanup", Time since last: 5000362467 ns, Reaching safepoint: 13690 ns, Cleanup: 14861 ns, At safepoint: 6111 ns, Total: 34662 ns
[2025-09-20T10:31:16.587+0000][7][safepoint   ] Safepoint "Cleanup", Time since last: 6653925019 ns, Reaching safepoint: 17085 ns, Cleanup: 41777 ns, At safepoint: 4600 ns, Total: 63462 ns
[2025-09-20T10:31:17.599+0000][7][safepoint   ] Safepoint "Cleanup", Time since last: 1012202140 ns, Reaching safepoint: 21053 ns, Cleanup: 22389 ns, At safepoint: 5969 ns, Total: 49411 ns
[2025-09-20T10:31:19.969+0000][7][safepoint   ] Safepoint "Cleanup", Time since last: 2370424006 ns, Reaching safepoint: 73813 ns, Cleanup: 10481 ns, At safepoint: 7554 ns, Total: 91848 ns
[2025-09-20T10:31:21.004+0000][7][safepoint   ] Safepoint "Cleanup", Time since last: 1034281626 ns, Reaching safepoint: 28412 ns, Cleanup: 53594 ns, At safepoint: 10632 ns, Total: 92638 ns
[2025-09-20T10:31:23.004+0000][7][safepoint   ] Safepoint "Cleanup", Time since last: 2000193978 ns, Reaching safepoint: 11556 ns, Cleanup: 10260 ns, At safepoint: 4615 ns, Total: 26431 ns
[2025-09-20T10:31:24.004+0000][7][safepoint   ] Safepoint "Cleanup", Time since last: 1000134965 ns, Reaching safepoint: 10336 ns, Cleanup: 11574 ns, At safepoint: 5392 ns, Total: 27302 ns
[2025-09-20T10:31:25.004+0000][7][safepoint   ] Safepoint "Cleanup", Time since last: 1000093128 ns, Reaching safepoint: 9636 ns, Cleanup: 13046 ns, At safepoint: 4320 ns, Total: 27002 ns
[2025-09-20T10:31:36.005+0000][7][safepoint   ] Safepoint "Cleanup", Time since last: 11000799716 ns, Reaching safepoint: 55589 ns, Cleanup: 34586 ns, At safepoint: 11007 ns, Total: 101182 ns
[2025-09-20T10:31:48.947+0000][7][safepoint   ] Safepoint "Cleanup", Time since last: 12942194205 ns, Reaching safepoint: 17881 ns, Cleanup: 6825 ns, At safepoint: 1755 ns, Total: 26461 ns
[2025-09-20T10:31:49.948+0000][7][safepoint   ] Safepoint "Cleanup", Time since last: 1000812433 ns, Reaching safepoint: 74207 ns, Cleanup: 20295 ns, At safepoint: 14670 ns, Total: 109172 ns
[2025-09-20T10:31:52.949+0000][7][safepoint   ] Safepoint "Cleanup", Time since last: 3000272649 ns, Reaching safepoint: 10441 ns, Cleanup: 27321 ns, At safepoint: 5201 ns, Total: 42963 ns
[2025-09-20T10:31:58.965+0000][7][safepoint   ] Safepoint "Cleanup", Time since last: 6015815522 ns, Reaching safepoint: 18127 ns, Cleanup: 35196 ns, At safepoint: 7600 ns, Total: 60923 ns
[2025-09-20T10:31:59.966+0000][7][safepoint   ] Safepoint "Cleanup", Time since last: 1001110526 ns, Reaching safepoint: 32723 ns, Cleanup: 25037 ns, At safepoint: 8817 ns, Total: 66577 ns
[2025-09-20T10:32:04.967+0000][7][safepoint   ] Safepoint "Cleanup", Time since last: 5001291421 ns, Reaching safepoint: 25311 ns, Cleanup: 15223 ns, At safepoint: 6397 ns, Total: 46931 ns
[2025-09-20T10:32:36.009+0000][7][safepoint   ] Safepoint "Cleanup", Time since last: 31016337573 ns, Reaching safepoint: 25611894 ns, Cleanup: 14420 ns, At safepoint: 16815 ns, Total: 25643129 ns
[2025-09-20T10:32:39.009+0000][7][safepoint   ] Safepoint "Cleanup", Time since last: 3000242308 ns, Reaching safepoint: 25386 ns, Cleanup: 15736 ns, At safepoint: 6458 ns, Total: 47580 ns
[2025-09-20T10:32:40.010+0000][7][safepoint   ] Safepoint "Cleanup", Time since last: 1000117555 ns, Reaching safepoint: 13801 ns, Cleanup: 14260 ns, At safepoint: 5517 ns, Total: 33578 ns
[2025-09-20T10:32:41.010+0000][7][safepoint   ] Safepoint "Cleanup", Time since last: 1000248903 ns, Reaching safepoint: 27961 ns, Cleanup: 11673 ns, At safepoint: 7364 ns, Total: 46998 ns
[2025-09-20T10:32:47.011+0000][7][safepoint   ] Safepoint "Cleanup", Time since last: 6000807275 ns, Reaching safepoint: 13183 ns, Cleanup: 7685 ns, At safepoint: 5250 ns, Total: 26118 ns
[2025-09-20T10:32:52.991+0000][7][safepoint   ] Safepoint "Cleanup", Time since last: 5980421465 ns, Reaching safepoint: 74620 ns, Cleanup: 29100 ns, At safepoint: 17716 ns, Total: 121436 ns
[2025-09-20T10:32:59.992+0000][7][safepoint   ] Safepoint "Cleanup", Time since last: 7000786701 ns, Reaching safepoint: 31641 ns, Cleanup: 9546 ns, At safepoint: 8724 ns, Total: 49911 ns
