[2025-09-20T10:06:48.205+0000][459][gc,init] CardTable entry size: 512
[2025-09-20T10:06:48.205+0000][459][gc     ] Using G1
[2025-09-20T10:06:48.209+0000][459][gc,init] Version: 22.0.2+9-70 (release)
[2025-09-20T10:06:48.209+0000][459][gc,init] CPUs: 8 total, 8 available
[2025-09-20T10:06:48.209+0000][459][gc,init] Memory: 15822M
[2025-09-20T10:06:48.209+0000][459][gc,init] Large Page Support: Disabled
[2025-09-20T10:06:48.209+0000][459][gc,init] NUMA Support: Disabled
[2025-09-20T10:06:48.209+0000][459][gc,init] Compressed Oops: Enabled (32-bit)
[2025-09-20T10:06:48.209+0000][459][gc,init] Heap Region Size: 1M
[2025-09-20T10:06:48.209+0000][459][gc,init] Heap Min Capacity: 1G
[2025-09-20T10:06:48.209+0000][459][gc,init] Heap Initial Capacity: 1G
[2025-09-20T10:06:48.209+0000][459][gc,init] Heap Max Capacity: 1G
[2025-09-20T10:06:48.209+0000][459][gc,init] Pre-touch: Disabled
[2025-09-20T10:06:48.209+0000][459][gc,init] Parallel Workers: 8
[2025-09-20T10:06:48.209+0000][459][gc,init] Concurrent Workers: 2
[2025-09-20T10:06:48.209+0000][459][gc,init] Concurrent Refinement Workers: 8
[2025-09-20T10:06:48.209+0000][459][gc,init] Periodic GC: Disabled
[2025-09-20T10:06:48.209+0000][459][gc,metaspace] CDS archive(s) not mapped
[2025-09-20T10:06:48.209+0000][459][gc,metaspace] Compressed class space mapped at: 0x0000000055000000-0x0000000095000000, reserved size: 1073741824
[2025-09-20T10:06:48.209+0000][459][gc,metaspace] Narrow klass base: 0x0000000000000000, Narrow klass shift: 0, Narrow klass range: 0x95000000
[2025-09-20T10:06:48.266+0000][459][gc,heap,exit] Heap
[2025-09-20T10:06:48.266+0000][459][gc,heap,exit]  garbage-first heap   total reserved 1048576K, committed 1048576K, used 3072K [0x00000000c0000000, 0x0000000100000000)
[2025-09-20T10:06:48.266+0000][459][gc,heap,exit]   region size 1024K, 3 young (3072K), 0 survivors (0K)
[2025-09-20T10:06:48.266+0000][459][gc,heap,exit]  Metaspace       used 4001K, committed 4032K, reserved 1114112K
[2025-09-20T10:06:48.266+0000][459][gc,heap,exit]   class space    used 315K, committed 320K, reserved 1048576K
